Component: Arm Compiler for Embedded 6.22 Tool: armlink [5ee90200]

==============================================================================

Section Cross References

    dl_adc12.o(.ARM.exidx.text.DL_ADC12_setClockConfig) refers to dl_adc12.o(.text.DL_ADC12_setClockConfig) for [Anonymous Symbol]
    dl_adc12.o(.ARM.exidx.text.DL_ADC12_getClockConfig) refers to dl_adc12.o(.text.DL_ADC12_getClockConfig) for [Anonymous Symbol]
    dl_aes.o(.ARM.exidx.text.DL_AES_setKey) refers to dl_aes.o(.text.DL_AES_setKey) for [Anonymous Symbol]
    dl_aes.o(.ARM.exidx.text.DL_AES_setKeyAligned) refers to dl_aes.o(.text.DL_AES_setKeyAligned) for [Anonymous Symbol]
    dl_aes.o(.ARM.exidx.text.DL_AES_loadDataIn) refers to dl_aes.o(.text.DL_AES_loadDataIn) for [Anonymous Symbol]
    dl_aes.o(.ARM.exidx.text.DL_AES_loadDataInAligned) refers to dl_aes.o(.text.DL_AES_loadDataInAligned) for [Anonymous Symbol]
    dl_aes.o(.ARM.exidx.text.DL_AES_getDataOut) refers to dl_aes.o(.text.DL_AES_getDataOut) for [Anonymous Symbol]
    dl_aes.o(.ARM.exidx.text.DL_AES_getDataOutAligned) refers to dl_aes.o(.text.DL_AES_getDataOutAligned) for [Anonymous Symbol]
    dl_aes.o(.ARM.exidx.text.DL_AES_loadXORDataIn) refers to dl_aes.o(.text.DL_AES_loadXORDataIn) for [Anonymous Symbol]
    dl_aes.o(.ARM.exidx.text.DL_AES_loadXORDataInAligned) refers to dl_aes.o(.text.DL_AES_loadXORDataInAligned) for [Anonymous Symbol]
    dl_aes.o(.ARM.exidx.text.DL_AES_loadXORDataInWithoutTrigger) refers to dl_aes.o(.text.DL_AES_loadXORDataInWithoutTrigger) for [Anonymous Symbol]
    dl_aes.o(.ARM.exidx.text.DL_AES_loadXORDataInWithoutTriggerAligned) refers to dl_aes.o(.text.DL_AES_loadXORDataInWithoutTriggerAligned) for [Anonymous Symbol]
    dl_aes.o(.ARM.exidx.text.DL_AES_xorData) refers to dl_aes.o(.text.DL_AES_xorData) for [Anonymous Symbol]
    dl_aes.o(.ARM.exidx.text.DL_AES_xorDataAligned) refers to dl_aes.o(.text.DL_AES_xorDataAligned) for [Anonymous Symbol]
    dl_aes.o(.ARM.exidx.text.DL_AES_saveConfiguration) refers to dl_aes.o(.text.DL_AES_saveConfiguration) for [Anonymous Symbol]
    dl_aes.o(.ARM.exidx.text.DL_AES_restoreConfiguration) refers to dl_aes.o(.text.DL_AES_restoreConfiguration) for [Anonymous Symbol]
    dl_common.o(.ARM.exidx.text.DL_Common_delayCycles) refers to dl_common.o(.text.DL_Common_delayCycles) for [Anonymous Symbol]
    dl_crc.o(.ARM.exidx.text.DL_CRC_calculateBlock32) refers to dl_crc.o(.text.DL_CRC_calculateBlock32) for [Anonymous Symbol]
    dl_crc.o(.ARM.exidx.text.DL_CRC_calculateMemoryRange32) refers to dl_crc.o(.text.DL_CRC_calculateMemoryRange32) for [Anonymous Symbol]
    dl_crc.o(.ARM.exidx.text.DL_CRC_calculateBlock16) refers to dl_crc.o(.text.DL_CRC_calculateBlock16) for [Anonymous Symbol]
    dl_crc.o(.ARM.exidx.text.DL_CRC_calculateMemoryRange16) refers to dl_crc.o(.text.DL_CRC_calculateMemoryRange16) for [Anonymous Symbol]
    dl_dac12.o(.ARM.exidx.text.DL_DAC12_init) refers to dl_dac12.o(.text.DL_DAC12_init) for [Anonymous Symbol]
    dl_dac12.o(.ARM.exidx.text.DL_DAC12_outputBlocking8) refers to dl_dac12.o(.text.DL_DAC12_outputBlocking8) for [Anonymous Symbol]
    dl_dac12.o(.ARM.exidx.text.DL_DAC12_outputBlocking12) refers to dl_dac12.o(.text.DL_DAC12_outputBlocking12) for [Anonymous Symbol]
    dl_dac12.o(.ARM.exidx.text.DL_DAC12_fillFIFO8) refers to dl_dac12.o(.text.DL_DAC12_fillFIFO8) for [Anonymous Symbol]
    dl_dac12.o(.ARM.exidx.text.DL_DAC12_fillFIFO12) refers to dl_dac12.o(.text.DL_DAC12_fillFIFO12) for [Anonymous Symbol]
    dl_dac12.o(.ARM.exidx.text.DL_DAC12_performSelfCalibrationBlocking) refers to dl_dac12.o(.text.DL_DAC12_performSelfCalibrationBlocking) for [Anonymous Symbol]
    dl_dma.o(.ARM.exidx.text.DL_DMA_initChannel) refers to dl_dma.o(.text.DL_DMA_initChannel) for [Anonymous Symbol]
    dl_flashctl.o(.ARM.exidx.text.DL_FlashCTL_eraseMemory) refers to dl_flashctl.o(.text.DL_FlashCTL_eraseMemory) for [Anonymous Symbol]
    dl_flashctl.o(.text.DL_FlashCTL_eraseMemoryFromRAM) refers to dl_flashctl.o(.ramfunc) for DL_FlashCTL_executeCommandFromRAM
    dl_flashctl.o(.ARM.exidx.text.DL_FlashCTL_eraseMemoryFromRAM) refers to dl_flashctl.o(.text.DL_FlashCTL_eraseMemoryFromRAM) for [Anonymous Symbol]
    dl_flashctl.o(.ARM.exidx.ramfunc) refers to dl_flashctl.o(.ramfunc) for [Anonymous Symbol]
    dl_flashctl.o(.text.DL_FlashCTL_massErase) refers to dl_flashctl.o(.text.DL_FlashCTL_eraseDataBank) for DL_FlashCTL_eraseDataBank
    dl_flashctl.o(.ARM.exidx.text.DL_FlashCTL_massErase) refers to dl_flashctl.o(.text.DL_FlashCTL_massErase) for [Anonymous Symbol]
    dl_flashctl.o(.ARM.exidx.text.DL_FlashCTL_unprotectMainMemory) refers to dl_flashctl.o(.text.DL_FlashCTL_unprotectMainMemory) for [Anonymous Symbol]
    dl_flashctl.o(.ARM.exidx.text.DL_FlashCTL_protectNonMainMemory) refers to dl_flashctl.o(.text.DL_FlashCTL_protectNonMainMemory) for [Anonymous Symbol]
    dl_flashctl.o(.text.DL_FlashCTL_eraseDataBank) refers to uidiv_div0.o(.text) for __aeabi_uidiv
[...]
    __arm_cp.2_9                             0x000019a8   Number         4  ti_msp_dl_config.o(.text.SYSCFG_DL_GPIO_init)
    __arm_cp.2_10                            0x000019ac   Number         4  ti_msp_dl_config.o(.text.SYSCFG_DL_GPIO_init)
    __arm_cp.2_11                            0x000019b0   Number         4  ti_msp_dl_config.o(.text.SYSCFG_DL_GPIO_init)
    [Anonymous Symbol]                       0x000019b4   Section        0  ti_msp_dl_config.o(.text.SYSCFG_DL_MOTOR_PWM_init)
    __arm_cp.4_0                             0x00001a2c   Number         4  ti_msp_dl_config.o(.text.SYSCFG_DL_MOTOR_PWM_init)
    __arm_cp.4_1                             0x00001a30   Number         4  ti_msp_dl_config.o(.text.SYSCFG_DL_MOTOR_PWM_init)
    __arm_cp.4_2                             0x00001a34   Number         4  ti_msp_dl_config.o(.text.SYSCFG_DL_MOTOR_PWM_init)
    __arm_cp.4_3                             0x00001a38   Number         4  ti_msp_dl_config.o(.text.SYSCFG_DL_MOTOR_PWM_init)
    __arm_cp.4_5                             0x00001a3c   Number         4  ti_msp_dl_config.o(.text.SYSCFG_DL_MOTOR_PWM_init)
    __arm_cp.4_6                             0x00001a40   Number         4  ti_msp_dl_config.o(.text.SYSCFG_DL_MOTOR_PWM_init)
    [Anonymous Symbol]                       0x00001a44   Section        0  ti_msp_dl_config.o(.text.SYSCFG_DL_QEI_0_init)
    __arm_cp.6_0                             0x00001a70   Number         4  ti_msp_dl_config.o(.text.SYSCFG_DL_QEI_0_init)
    __arm_cp.6_1                             0x00001a74   Number         4  ti_msp_dl_config.o(.text.SYSCFG_DL_QEI_0_init)
    __arm_cp.6_2                             0x00001a78   Number         4  ti_msp_dl_config.o(.text.SYSCFG_DL_QEI_0_init)
    __arm_cp.6_3                             0x00001a7c   Number         4  ti_msp_dl_config.o(.text.SYSCFG_DL_QEI_0_init)
    __arm_cp.6_4                             0x00001a80   Number         4  ti_msp_dl_config.o(.text.SYSCFG_DL_QEI_0_init)
    __arm_cp.6_5                             0x00001a84   Number         4  ti_msp_dl_config.o(.text.SYSCFG_DL_QEI_0_init)
    __arm_cp.6_6                             0x00001a88   Number         4  ti_msp_dl_config.o(.text.SYSCFG_DL_QEI_0_init)
    __arm_cp.6_7                             0x00001a8c   Number         4  ti_msp_dl_config.o(.text.SYSCFG_DL_QEI_0_init)
    [Anonymous Symbol]                       0x00001a90   Section        0  ti_msp_dl_config.o(.text.SYSCFG_DL_SPI_WS2812_init)
    __arm_cp.11_0                            0x00001ac8   Number         4  ti_msp_dl_config.o(.text.SYSCFG_DL_SPI_WS2812_init)
    __arm_cp.11_1                            0x00001acc   Number         4  ti_msp_dl_config.o(.text.SYSCFG_DL_SPI_WS2812_init)
    __arm_cp.11_2                            0x00001ad0   Number         4  ti_msp_dl_config.o(.text.SYSCFG_DL_SPI_WS2812_init)
    __arm_cp.11_3                            0x00001ad4   Number         4  ti_msp_dl_config.o(.text.SYSCFG_DL_SPI_WS2812_init)
    __arm_cp.11_4                            0x00001ad8   Number         4  ti_msp_dl_config.o(.text.SYSCFG_DL_SPI_WS2812_init)
    [Anonymous Symbol]                       0x00001adc   Section        0  ti_msp_dl_config.o(.text.SYSCFG_DL_SYSCTL_init)
    __arm_cp.3_0                             0x00001b10   Number         4  ti_msp_dl_config.o(.text.SYSCFG_DL_SYSCTL_init)
    __arm_cp.3_1                             0x00001b14   Number         4  ti_msp_dl_config.o(.text.SYSCFG_DL_SYSCTL_init)
    [Anonymous Symbol]                       0x00001b18   Section        0  ti_msp_dl_config.o(.text.SYSCFG_DL_SYSTICK_init)
    [Anonymous Symbol]                       0x00001b1c   Section        0  ti_msp_dl_config.o(.text.SYSCFG_DL_Servo_init)
    __arm_cp.5_0                             0x00001bd8   Number         4  ti_msp_dl_config.o(.text.SYSCFG_DL_Servo_init)
    __arm_cp.5_1                             0x00001bdc   Number         4  ti_msp_dl_config.o(.text.SYSCFG_DL_Servo_init)
    __arm_cp.5_2                             0x00001be0   Number         4  ti_msp_dl_config.o(.text.SYSCFG_DL_Servo_init)
    __arm_cp.5_3                             0x00001be4   Number         4  ti_msp_dl_config.o(.text.SYSCFG_DL_Servo_init)
    __arm_cp.5_4                             0x00001be8   Number         4  ti_msp_dl_config.o(.text.SYSCFG_DL_Servo_init)
    __arm_cp.5_5                             0x00001bec   Number         4  ti_msp_dl_config.o(.text.SYSCFG_DL_Servo_init)
    [Anonymous Symbol]                       0x00001bf0   Section        0  ti_msp_dl_config.o(.text.SYSCFG_DL_TIMER_0_init)
    __arm_cp.7_0                             0x00001c20   Number         4  ti_msp_dl_config.o(.text.SYSCFG_DL_TIMER_0_init)
    __arm_cp.7_1                             0x00001c24   Number         4  ti_msp_dl_config.o(.text.SYSCFG_DL_TIMER_0_init)
    __arm_cp.7_2                             0x00001c28   Number         4  ti_msp_dl_config.o(.text.SYSCFG_DL_TIMER_0_init)
    __arm_cp.7_3                             0x00001c2c   Number         4  ti_msp_dl_config.o(.text.SYSCFG_DL_TIMER_0_init)
    __arm_cp.7_4                             0x00001c30   Number         4  ti_msp_dl_config.o(.text.SYSCFG_DL_TIMER_0_init)
    __arm_cp.7_5                             0x00001c34   Number         4  ti_msp_dl_config.o(.text.SYSCFG_DL_TIMER_0_init)
    [Anonymous Symbol]                       0x00001c38   Section        0  ti_msp_dl_config.o(.text.SYSCFG_DL_UART_0_init)
    __arm_cp.8_1                             0x00001ca0   Number         4  ti_msp_dl_config.o(.text.SYSCFG_DL_UART_0_init)
    __arm_cp.8_2                             0x00001ca4   Number         4  ti_msp_dl_config.o(.text.SYSCFG_DL_UART_0_init)
    __arm_cp.8_3                             0x00001ca8   Number         4  ti_msp_dl_config.o(.text.SYSCFG_DL_UART_0_init)
    __arm_cp.8_5                             0x00001cac   Number         4  ti_msp_dl_config.o(.text.SYSCFG_DL_UART_0_init)
    __arm_cp.8_6                             0x00001cb0   Number         4  ti_msp_dl_config.o(.text.SYSCFG_DL_UART_0_init)
    [Anonymous Symbol]                       0x00001cb4   Section        0  ti_msp_dl_config.o(.text.SYSCFG_DL_UART_1_init)
    __arm_cp.9_1                             0x00001d0c   Number         4  ti_msp_dl_config.o(.text.SYSCFG_DL_UART_1_init)
    __arm_cp.9_2                             0x00001d10   Number         4  ti_msp_dl_config.o(.text.SYSCFG_DL_UART_1_init)
    __arm_cp.9_3                             0x00001d14   Number         4  ti_msp_dl_config.o(.text.SYSCFG_DL_UART_1_init)
    __arm_cp.9_5                             0x00001d18   Number         4  ti_msp_dl_config.o(.text.SYSCFG_DL_UART_1_init)
    [Anonymous Symbol]                       0x00001d1c   Section        0  ti_msp_dl_config.o(.text.SYSCFG_DL_UART_3_init)
    __arm_cp.10_0                            0x00001d80   Number         4  ti_msp_dl_config.o(.text.SYSCFG_DL_UART_3_init)
    __arm_cp.10_1                            0x00001d84   Number         4  ti_msp_dl_config.o(.text.SYSCFG_DL_UART_3_init)
    __arm_cp.10_2                            0x00001d88   Number         4  ti_msp_dl_config.o(.text.SYSCFG_DL_UART_3_init)
    __arm_cp.10_3                            0x00001d8c   Number         4  ti_msp_dl_config.o(.text.SYSCFG_DL_UART_3_init)
    __arm_cp.10_4                            0x00001d90   Number         4  ti_msp_dl_config.o(.text.SYSCFG_DL_UART_3_init)
    __arm_cp.10_5                            0x00001d94   Number         4  ti_msp_dl_config.o(.text.SYSCFG_DL_UART_3_init)
    __arm_cp.10_6                            0x00001d98   Number         4  ti_msp_dl_config.o(.text.SYSCFG_DL_UART_3_init)
    [Anonymous Symbol]                       0x00001d9c   Section        0  ti_msp_dl_config.o(.text.SYSCFG_DL_init)
    __arm_cp.0_0                             0x00001dec   Number         4  ti_msp_dl_config.o(.text.SYSCFG_DL_init)
    __arm_cp.0_1                             0x00001df0   Number         4  ti_msp_dl_config.o(.text.SYSCFG_DL_init)
    __arm_cp.0_2                             0x00001df4   Number         4  ti_msp_dl_config.o(.text.SYSCFG_DL_init)
    __arm_cp.0_3                             0x00001df8   Number         4  ti_msp_dl_config.o(.text.SYSCFG_DL_init)
    [Anonymous Symbol]                       0x00001dfc   Section        0  ti_msp_dl_config.o(.text.SYSCFG_DL_initPower)
    __arm_cp.1_0                             0x00001e54   Number         4  ti_msp_dl_config.o(.text.SYSCFG_DL_initPower)
    __arm_cp.1_1                             0x00001e58   Number         4  ti_msp_dl_config.o(.text.SYSCFG_DL_initPower)
    __arm_cp.1_2                             0x00001e5c   Number         4  ti_msp_dl_config.o(.text.SYSCFG_DL_initPower)
    __arm_cp.1_3                             0x00001e60   Number         4  ti_msp_dl_config.o(.text.SYSCFG_DL_initPower)
    __arm_cp.1_4                             0x00001e64   Number         4  ti_msp_dl_config.o(.text.SYSCFG_DL_initPower)
    __arm_cp.1_5                             0x00001e68   Number         4  ti_msp_dl_config.o(.text.SYSCFG_DL_initPower)
    __arm_cp.1_6                             0x00001e6c   Number         4  ti_msp_dl_config.o(.text.SYSCFG_DL_initPower)
    __arm_cp.1_7                             0x00001e70   Number         4  ti_msp_dl_config.o(.text.SYSCFG_DL_initPower)
    __arm_cp.1_8                             0x00001e74   Number         4  ti_msp_dl_config.o(.text.SYSCFG_DL_initPower)
    __arm_cp.1_9                             0x00001e78   Number         4  ti_msp_dl_config.o(.text.SYSCFG_DL_initPower)
    __arm_cp.1_10                            0x00001e7c   Number         4  ti_msp_dl_config.o(.text.SYSCFG_DL_initPower)
    __arm_cp.1_11                            0x00001e80   Number         4  ti_msp_dl_config.o(.text.SYSCFG_DL_initPower)
    [Anonymous Symbol]                       0x00001e84   Section        0  startuptask.o(.text.Set0_task)
    __arm_cp.5_0                             0x00001f80   Number         4  startuptask.o(.text.Set0_task)
    __arm_cp.5_1                             0x00001f84   Number         4  startuptask.o(.text.Set0_task)
    [Anonymous Symbol]                       0x00001f88   Section        0  control.o(.text.Set_PID_1)
    __arm_cp.1_0                             0x00001fa0   Number         4  control.o(.text.Set_PID_1)
    __arm_cp.1_1                             0x00001fa4   Number         4  control.o(.text.Set_PID_1)
    __arm_cp.1_2                             0x00001fa8   Number         4  control.o(.text.Set_PID_1)
    __arm_cp.1_3                             0x00001fac   Number         4  control.o(.text.Set_PID_1)
    __arm_cp.1_4                             0x00001fb0   Number         4  control.o(.text.Set_PID_1)
    __arm_cp.1_5                             0x00001fb4   Number         4  control.o(.text.Set_PID_1)
    [Anonymous Symbol]                       0x00001fb8   Section        0  emm_v5.o(.text.Speed_Control)
    __arm_cp.0_0                             0x000020c4   Number         4  emm_v5.o(.text.Speed_Control)
    __arm_cp.0_1                             0x000020c8   Number         4  emm_v5.o(.text.Speed_Control)
    [Anonymous Symbol]                       0x000020cc   Section        0  startuptask.o(.text.StartupTask)
    __arm_cp.0_0                             0x00002170   Number         4  startuptask.o(.text.StartupTask)
    __arm_cp.0_1                             0x00002174   Number         4  startuptask.o(.text.StartupTask)
    __arm_cp.0_3                             0x0000217c   Number         4  startuptask.o(.text.StartupTask)
    __arm_cp.0_5                             0x00002188   Number         4  startuptask.o(.text.StartupTask)
    __arm_cp.0_7                             0x00002194   Number         4  startuptask.o(.text.StartupTask)
    __arm_cp.0_9                             0x000021a0   Number         4  startuptask.o(.text.StartupTask)
    __arm_cp.0_11                            0x000021ac   Number         4  startuptask.o(.text.StartupTask)
    __arm_cp.0_13                            0x000021b8   Number         4  startuptask.o(.text.StartupTask)
    [Anonymous Symbol]                       0x000021c0   Section        0  port.o(.text.SysTick_Handler)
    __arm_cp.13_0                            0x000021e0   Number         4  port.o(.text.SysTick_Handler)
    [Anonymous Symbol]                       0x000021e4   Section        0  control.o(.text.TASK_1)
    __arm_cp.8_0                             0x00002294   Number         4  control.o(.text.TASK_1)
    __arm_cp.8_1                             0x00002298   Number         4  control.o(.text.TASK_1)
    __arm_cp.8_2                             0x0000229c   Number         4  control.o(.text.TASK_1)
    __arm_cp.8_4                             0x000022a4   Number         4  control.o(.text.TASK_1)
    [Anonymous Symbol]                       0x000022a8   Section        0  control.o(.text.TASK_3)
    __arm_cp.9_0                             0x0000230c   Number         4  control.o(.text.TASK_3)
    __arm_cp.9_3                             0x00002318   Number         4  control.o(.text.TASK_3)
    [Anonymous Symbol]                       0x0000231c   Section        0  control.o(.text.TI)
    __arm_cp.12_7                            0x0000267c   Number         4  control.o(.text.TI)
    __arm_cp.12_8                            0x00002680   Number         4  control.o(.text.TI)
    __arm_cp.12_9                            0x00002684   Number         4  control.o(.text.TI)
    __arm_cp.12_10                           0x00002688   Number         4  control.o(.text.TI)
    __arm_cp.12_11                           0x0000268c   Number         4  control.o(.text.TI)
    __arm_cp.12_12                           0x00002690   Number         4  control.o(.text.TI)
    [Anonymous Symbol]                       0x00002694   Section        0  maixcam.o(.text.UART3_IRQHandler)
    __arm_cp.6_0                             0x00002714   Number         4  maixcam.o(.text.UART3_IRQHandler)
    __arm_cp.6_1                             0x00002718   Number         4  maixcam.o(.text.UART3_IRQHandler)
    __arm_cp.6_2                             0x0000271c   Number         4  maixcam.o(.text.UART3_IRQHandler)
    __arm_cp.6_3                             0x00002720   Number         4  maixcam.o(.text.UART3_IRQHandler)
    [Anonymous Symbol]                       0x00002724   Section        0  bsp_uart.o(.text.Uart_Send)
    [Anonymous Symbol]                       0x00002740   Section        0  startuptask.o(.text.circle_task)
    [Anonymous Symbol]                       0x00002748   Section        0  delay.o(.text.delay_noOS)
    __arm_cp.0_0                             0x000028a0   Number         4  delay.o(.text.delay_noOS)
    [Anonymous Symbol]                       0x000028a4   Section        0  startuptask.o(.text.line_task)
    __arm_cp.4_0                             0x0000292c   Number         4  startuptask.o(.text.line_task)
    __arm_cp.4_1                             0x00002930   Number         4  startuptask.o(.text.line_task)
    __arm_cp.4_2                             0x00002934   Number         4  startuptask.o(.text.line_task)
    __arm_cp.4_3                             0x00002938   Number         4  startuptask.o(.text.line_task)
    [Anonymous Symbol]                       0x0000293c   Section        0  main.o(.text.main)
    __arm_cp.0_0                             0x00002978   Number         4  main.o(.text.main)
    __arm_cp.0_1                             0x0000297c   Number         4  main.o(.text.main)
    [Anonymous Symbol]                       0x00002980   Section        0  startuptask.o(.text.main_task)
    __arm_cp.3_36                            0x00002d24   Number         4  startuptask.o(.text.main_task)
    __arm_cp.3_37                            0x00002d28   Number         4  startuptask.o(.text.main_task)
    __arm_cp.3_44                            0x00002d60   Number         4  startuptask.o(.text.main_task)
    __arm_cp.3_45                            0x00002d64   Number         4  startuptask.o(.text.main_task)
    __arm_cp.3_46                            0x00002d68   Number         4  startuptask.o(.text.main_task)
    __arm_cp.3_47                            0x00002d6c   Number         4  startuptask.o(.text.main_task)
    __arm_cp.3_1                             0x0000300c   Number         4  startuptask.o(.text.main_task)
    __arm_cp.3_2                             0x00003010   Number         4  startuptask.o(.text.main_task)
    __arm_cp.3_3                             0x00003014   Number         4  startuptask.o(.text.main_task)
    __arm_cp.3_5                             0x00003018   Number         4  startuptask.o(.text.main_task)
    __arm_cp.3_6                             0x0000301c   Number         4  startuptask.o(.text.main_task)
    __arm_cp.3_7                             0x00003020   Number         4  startuptask.o(.text.main_task)
    __arm_cp.3_8                             0x00003024   Number         4  startuptask.o(.text.main_task)
    __arm_cp.3_10                            0x00003034   Number         4  startuptask.o(.text.main_task)
    __arm_cp.3_11                            0x00003038   Number         4  startuptask.o(.text.main_task)
    __arm_cp.3_12                            0x0000303c   Number         4  startuptask.o(.text.main_task)
    __arm_cp.3_13                            0x00003040   Number         4  startuptask.o(.text.main_task)
    __arm_cp.3_14                            0x00003044   Number         4  startuptask.o(.text.main_task)
    __arm_cp.3_15                            0x00003048   Number         4  startuptask.o(.text.main_task)
    __arm_cp.3_17                            0x0000304c   Number         4  startuptask.o(.text.main_task)
    __arm_cp.3_22                            0x00003050   Number         4  startuptask.o(.text.main_task)
    __arm_cp.3_23                            0x00003054   Number         4  startuptask.o(.text.main_task)
    prvIdleTask                              0x00003059   Thumb Code    68  tasks.o(.text.prvIdleTask)
    [Anonymous Symbol]                       0x00003058   Section        0  tasks.o(.text.prvIdleTask)
    __arm_cp.15_0                            0x0000309c   Number         4  tasks.o(.text.prvIdleTask)
    __arm_cp.15_1                            0x000030a0   Number         4  tasks.o(.text.prvIdleTask)
    prvTaskExitError                         0x000030a5   Thumb Code    48  port.o(.text.prvTaskExitError)
    [Anonymous Symbol]                       0x000030a4   Section        0  port.o(.text.prvTaskExitError)
    __arm_cp.1_0                             0x000030d4   Number         4  port.o(.text.prvTaskExitError)
    prvTimerTask                             0x000030d9   Thumb Code   764  timers.o(.text.prvTimerTask)
    [Anonymous Symbol]                       0x000030d8   Section        0  timers.o(.text.prvTimerTask)
    __arm_cp.1_0                             0x000033d4   Number         4  timers.o(.text.prvTimerTask)
    prvUnlockQueue                           0x000033d9   Thumb Code   126  queue.o(.text.prvUnlockQueue)
    [Anonymous Symbol]                       0x000033d8   Section        0  queue.o(.text.prvUnlockQueue)
    [Anonymous Symbol]                       0x00003458   Section        0  heap_4.o(.text.pvPortMalloc)
    __arm_cp.0_1                             0x000035b8   Number         4  heap_4.o(.text.pvPortMalloc)
    [Anonymous Symbol]                       0x000035bc   Section        0  port.o(.text.pxPortInitialiseStack)
    __arm_cp.0_0                             0x000035dc   Number         4  port.o(.text.pxPortInitialiseStack)
    [Anonymous Symbol]                       0x000035e0   Section        0  port.o(.text.ulSetInterruptMaskFromISR)
    [Anonymous Symbol]                       0x000035e8   Section        0  list.o(.text.uxListRemove)
    [Anonymous Symbol]                       0x00003608   Section        0  port.o(.text.vClearInterruptMaskFromISR)
    [Anonymous Symbol]                       0x0000360e   Section        0  list.o(.text.vListInitialise)
    [Anonymous Symbol]                       0x00003622   Section        0  list.o(.text.vListInitialiseItem)
    [Anonymous Symbol]                       0x00003628   Section        0  list.o(.text.vListInsert)
    [Anonymous Symbol]                       0x00003664   Section        0  port.o(.text.vPortEnterCritical)
    [Anonymous Symbol]                       0x00003678   Section        0  port.o(.text.vPortExitCritical)
    __arm_cp.9_0                             0x00003690   Number         4  port.o(.text.vPortExitCritical)
    [Anonymous Symbol]                       0x00003694   Section        0  heap_4.o(.text.vPortFree)
    __arm_cp.1_0                             0x00003728   Number         4  heap_4.o(.text.vPortFree)
    [Anonymous Symbol]                       0x0000372c   Section        0  port.o(.text.vPortSetupTimerInterrupt)
    __arm_cp.4_0                             0x00003740   Number         4  port.o(.text.vPortSetupTimerInterrupt)
    __arm_cp.4_1                             0x00003744   Number         4  port.o(.text.vPortSetupTimerInterrupt)
    vPortStartFirstTask                      0x00003751   Thumb Code    52  port.o(.text.vPortStartFirstTask)
    [Anonymous Symbol]                       0x00003750   Section        0  port.o(.text.vPortStartFirstTask)
    pxCurrentTCBConst2                       0x00003780   Number         0  port.o(.text.vPortStartFirstTask)
    [Anonymous Symbol]                       0x00003784   Section        0  port.o(.text.vPortYield)
    __arm_cp.7_0                             0x00003798   Number         4  port.o(.text.vPortYield)
    [Anonymous Symbol]                       0x0000379c   Section        0  queue.o(.text.vQueueAddToRegistry)
    __arm_cp.27_0                            0x00003890   Number         4  queue.o(.text.vQueueAddToRegistry)
    [Anonymous Symbol]                       0x00003894   Section        0  queue.o(.text.vQueueWaitForMessageRestricted)
    [Anonymous Symbol]                       0x000038f0   Section        0  tasks.o(.text.vTaskDelay)
    [Anonymous Symbol]                       0x00003964   Section        0  tasks.o(.text.vTaskInternalSetTimeOutState)
    [Anonymous Symbol]                       0x00003970   Section        0  tasks.o(.text.vTaskMissedYield)
    [Anonymous Symbol]                       0x00003978   Section        0  tasks.o(.text.vTaskPlaceOnEventList)
    [Anonymous Symbol]                       0x000039f8   Section        0  tasks.o(.text.vTaskPlaceOnEventListRestricted)
    [Anonymous Symbol]                       0x00003a98   Section        0  tasks.o(.text.vTaskStartScheduler)
    __arm_cp.14_0                            0x00003ae0   Number         4  tasks.o(.text.vTaskStartScheduler)
    __arm_cp.14_1                            0x00003ae4   Number         4  tasks.o(.text.vTaskStartScheduler)
    __arm_cp.14_3                            0x00003af0   Number         4  tasks.o(.text.vTaskStartScheduler)
    [Anonymous Symbol]                       0x00003af4   Section        0  tasks.o(.text.vTaskSuspendAll)
    __tagsym$$used.0                         0x00003b00   Number         0  tasks.o(.text.vTaskSwitchContext)
    [Anonymous Symbol]                       0x00003b00   Section        0  tasks.o(.text.vTaskSwitchContext)
    __arm_cp.11_0                            0x00003b9c   Number         4  tasks.o(.text.vTaskSwitchContext)
    __arm_cp.11_1                            0x00003ba0   Number         4  tasks.o(.text.vTaskSwitchContext)
    __arm_cp.11_2                            0x00003ba4   Number         4  tasks.o(.text.vTaskSwitchContext)
    [Anonymous Symbol]                       0x00003ba8   Section        0  port.o(.text.xPortStartScheduler)
    __arm_cp.3_0                             0x00003bfc   Number         4  port.o(.text.xPortStartScheduler)
    __arm_cp.3_1                             0x00003c00   Number         4  port.o(.text.xPortStartScheduler)
    [Anonymous Symbol]                       0x00003c04   Section        0  queue.o(.text.xQueueGenericCreate)
    [Anonymous Symbol]                       0x00003c9a   Section        0  queue.o(.text.xQueueReceive)
    [Anonymous Symbol]                       0x00003e28   Section        0  tasks.o(.text.xTaskCheckForTimeOut)
    __arm_cp.31_0                            0x00003e90   Number         4  tasks.o(.text.xTaskCheckForTimeOut)
    [Anonymous Symbol]                       0x00003e94   Section        0  tasks.o(.text.xTaskCreate)
    __arm_cp.0_1                             0x000042a0   Number         4  tasks.o(.text.xTaskCreate)
    __arm_cp.0_2                             0x000042a4   Number         4  tasks.o(.text.xTaskCreate)
    __arm_cp.0_3                             0x000042a8   Number         4  tasks.o(.text.xTaskCreate)
    __arm_cp.0_4                             0x000042ac   Number         4  tasks.o(.text.xTaskCreate)
    __arm_cp.0_5                             0x000042b0   Number         4  tasks.o(.text.xTaskCreate)
    [Anonymous Symbol]                       0x000042b4   Section        0  tasks.o(.text.xTaskGetSchedulerState)
    [Anonymous Symbol]                       0x000042cc   Section        0  tasks.o(.text.xTaskGetTickCount)
    __arm_cp.18_0                            0x000042d4   Number         4  tasks.o(.text.xTaskGetTickCount)
    [Anonymous Symbol]                       0x000042d8   Section        0  tasks.o(.text.xTaskIncrementTick)
    [Anonymous Symbol]                       0x000043fc   Section        0  tasks.o(.text.xTaskRemoveFromEventList)
    [Anonymous Symbol]                       0x000044a0   Section        0  tasks.o(.text.xTaskResumeAll)
    __arm_cp.4_0                             0x000045a8   Number         4  tasks.o(.text.xTaskResumeAll)
    __arm_cp.4_1                             0x000045ac   Number         4  tasks.o(.text.xTaskResumeAll)
    __arm_cp.4_2                             0x000045b0   Number         4  tasks.o(.text.xTaskResumeAll)
    [Anonymous Symbol]                       0x000045b4   Section        0  timers.o(.text.xTimerCreateTimerTask)
    __arm_cp.0_0                             0x00004620   Number         4  timers.o(.text.xTimerCreateTimerTask)
    __arm_cp.0_1                             0x00004624   Number         4  timers.o(.text.xTimerCreateTimerTask)
    __arm_cp.0_2                             0x00004628   Number         4  timers.o(.text.xTimerCreateTimerTask)
    i.__0vsprintf                            0x00004634   Section        0  printfa.o(i.__0vsprintf)
    i.__ARM_clz                              0x00004658   Section        0  depilogue.o(i.__ARM_clz)
    i.__scatterload_copy                     0x00004688   Section       14  handlers.o(i.__scatterload_copy)
    i.__scatterload_null                     0x00004698   Section        2  handlers.o(i.__scatterload_null)
    i.__scatterload_zeroinit                 0x000046a0   Section       14  handlers.o(i.__scatterload_zeroinit)
    _fp_digits                               0x000046b1   Thumb Code   344  printfa.o(i._fp_digits)
    i._fp_digits                             0x000046b0   Section        0  printfa.o(i._fp_digits)
    _printf_core                             0x00004825   Thumb Code  1754  printfa.o(i._printf_core)
    i._printf_core                           0x00004824   Section        0  printfa.o(i._printf_core)
    _printf_post_padding                     0x00004f11   Thumb Code    32  printfa.o(i._printf_post_padding)
    i._printf_post_padding                   0x00004f10   Section        0  printfa.o(i._printf_post_padding)
    _printf_pre_padding                      0x00004f31   Thumb Code    44  printfa.o(i._printf_pre_padding)
    i._printf_pre_padding                    0x00004f30   Section        0  printfa.o(i._printf_pre_padding)
    _sputc                                   0x00004f5d   Thumb Code    10  printfa.o(i._sputc)
    i._sputc                                 0x00004f5c   Section        0  printfa.o(i._sputc)
    gMOTOR_PWMClockConfig                    0x0000577e   Data           3  ti_msp_dl_config.o(.rodata.gMOTOR_PWMClockConfig)
    [Anonymous Symbol]                       0x0000577e   Section        0  ti_msp_dl_config.o(.rodata.gMOTOR_PWMClockConfig)
    gMOTOR_PWMConfig                         0x00005784   Data           8  ti_msp_dl_config.o(.rodata.gMOTOR_PWMConfig)
    [Anonymous Symbol]                       0x00005784   Section        0  ti_msp_dl_config.o(.rodata.gMOTOR_PWMConfig)
    gQEI_0ClockConfig                        0x0000578c   Data           3  ti_msp_dl_config.o(.rodata.gQEI_0ClockConfig)
    [Anonymous Symbol]                       0x0000578c   Section        0  ti_msp_dl_config.o(.rodata.gQEI_0ClockConfig)
    gSPI_WS2812_clockConfig                  0x0000578f   Data           2  ti_msp_dl_config.o(.rodata.gSPI_WS2812_clockConfig)
    [Anonymous Symbol]                       0x0000578f   Section        0  ti_msp_dl_config.o(.rodata.gSPI_WS2812_clockConfig)
    gSPI_WS2812_config                       0x00005792   Data          10  ti_msp_dl_config.o(.rodata.gSPI_WS2812_config)
    [Anonymous Symbol]                       0x00005792   Section        0  ti_msp_dl_config.o(.rodata.gSPI_WS2812_config)
    gServoClockConfig                        0x0000579c   Data           3  ti_msp_dl_config.o(.rodata.gServoClockConfig)
    [Anonymous Symbol]                       0x0000579c   Section        0  ti_msp_dl_config.o(.rodata.gServoClockConfig)
    gServoConfig                             0x000057a0   Data           8  ti_msp_dl_config.o(.rodata.gServoConfig)
    [Anonymous Symbol]                       0x000057a0   Section        0  ti_msp_dl_config.o(.rodata.gServoConfig)
    gTIMER_0ClockConfig                      0x000057a8   Data           3  ti_msp_dl_config.o(.rodata.gTIMER_0ClockConfig)
    [Anonymous Symbol]                       0x000057a8   Section        0  ti_msp_dl_config.o(.rodata.gTIMER_0ClockConfig)
    gTIMER_0TimerConfig                      0x000057ac   Data          20  ti_msp_dl_config.o(.rodata.gTIMER_0TimerConfig)
    [Anonymous Symbol]                       0x000057ac   Section        0  ti_msp_dl_config.o(.rodata.gTIMER_0TimerConfig)
    gUART_0ClockConfig                       0x000057c0   Data           2  ti_msp_dl_config.o(.rodata.gUART_0ClockConfig)
    [Anonymous Symbol]                       0x000057c0   Section        0  ti_msp_dl_config.o(.rodata.gUART_0ClockConfig)
    gUART_0Config                            0x000057c2   Data          10  ti_msp_dl_config.o(.rodata.gUART_0Config)
    [Anonymous Symbol]                       0x000057c2   Section        0  ti_msp_dl_config.o(.rodata.gUART_0Config)
    gUART_1ClockConfig                       0x000057cc   Data           2  ti_msp_dl_config.o(.rodata.gUART_1ClockConfig)
    [Anonymous Symbol]                       0x000057cc   Section        0  ti_msp_dl_config.o(.rodata.gUART_1ClockConfig)
    gUART_1Config                            0x000057ce   Data          10  ti_msp_dl_config.o(.rodata.gUART_1Config)
    [Anonymous Symbol]                       0x000057ce   Section        0  ti_msp_dl_config.o(.rodata.gUART_1Config)
    gUART_3ClockConfig                       0x000057d8   Data           2  ti_msp_dl_config.o(.rodata.gUART_3ClockConfig)
    [Anonymous Symbol]                       0x000057d8   Section        0  ti_msp_dl_config.o(.rodata.gUART_3ClockConfig)
    gUART_3Config                            0x000057da   Data          10  ti_msp_dl_config.o(.rodata.gUART_3Config)
    [Anonymous Symbol]                       0x000057da   Section        0  ti_msp_dl_config.o(.rodata.gUART_3Config)
    [Anonymous Symbol]                       0x000057e4   Section        0  timers.o(.rodata.str1.1)
    [Anonymous Symbol]                       0x000057e9   Section        0  startuptask.o(.rodata.str1.1)
    [Anonymous Symbol]                       0x00005809   Section        0  control.o(.rodata.str1.1)
    [Anonymous Symbol]                       0x20200000   Section        0  startuptask.o(.data..L_MergedGlobals)
    uxCriticalNesting                        0x20200018   Data           4  port.o(.data.uxCriticalNesting)
    [Anonymous Symbol]                       0x20200018   Section        0  port.o(.data.uxCriticalNesting)
    [Anonymous Symbol]                       0x20200020   Section        0  ti_msp_dl_config.o(.bss..L_MergedGlobals)
    uxTaskNumber                             0x20200078   Data           4  tasks.o(.bss..L_MergedGlobals)
    [Anonymous Symbol]                       0x20200078   Section        0  tasks.o(.bss..L_MergedGlobals)
    uxDeletedTasksWaitingCleanUp             0x2020007c   Data           4  tasks.o(.bss..L_MergedGlobals)
    uxCurrentNumberOfTasks                   0x20200080   Data           4  tasks.o(.bss..L_MergedGlobals)
    xSchedulerRunning                        0x20200084   Data           4  tasks.o(.bss..L_MergedGlobals)
    uxSchedulerSuspended                     0x20200088   Data           4  tasks.o(.bss..L_MergedGlobals)
    xTickCount                               0x2020008c   Data           4  tasks.o(.bss..L_MergedGlobals)
    pxDelayedTaskList                        0x20200090   Data           4  tasks.o(.bss..L_MergedGlobals)
    pxOverflowDelayedTaskList                0x20200094   Data           4  tasks.o(.bss..L_MergedGlobals)
    uxTopReadyPriority                       0x20200098   Data           4  tasks.o(.bss..L_MergedGlobals)
    xYieldPending                            0x2020009c   Data           4  tasks.o(.bss..L_MergedGlobals)
    xIdleTaskHandle                          0x202000a0   Data           4  tasks.o(.bss..L_MergedGlobals)
    xNextTaskUnblockTime                     0x202000a4   Data           4  tasks.o(.bss..L_MergedGlobals)
    xPendedTicks                             0x202000a8   Data           4  tasks.o(.bss..L_MergedGlobals)
    xNumOfOverflows                          0x202000ac   Data           4  tasks.o(.bss..L_MergedGlobals)
    xTasksWaitingTermination                 0x202000b0   Data          20  tasks.o(.bss..L_MergedGlobals)
    xSuspendedTaskList                       0x202000c4   Data          20  tasks.o(.bss..L_MergedGlobals)
    xPendingReadyList                        0x202000d8   Data          20  tasks.o(.bss..L_MergedGlobals)
    xTimerQueue                              0x202000ec   Data           4  timers.o(.bss..L_MergedGlobals)
    [Anonymous Symbol]                       0x202000ec   Section        0  timers.o(.bss..L_MergedGlobals)
    xTimerTaskHandle                         0x202000f0   Data           4  timers.o(.bss..L_MergedGlobals)
    pxCurrentTimerList                       0x202000f4   Data           4  timers.o(.bss..L_MergedGlobals)
    pxOverflowTimerList                      0x202000f8   Data           4  timers.o(.bss..L_MergedGlobals)
    prvSampleTimeNow.xLastTime               0x202000fc   Data           4  timers.o(.bss..L_MergedGlobals)
    xActiveTimerList1                        0x20200100   Data          20  timers.o(.bss..L_MergedGlobals)
    xActiveTimerList2                        0x20200114   Data          20  timers.o(.bss..L_MergedGlobals)
    pxEnd                                    0x20200128   Data           4  heap_4.o(.bss..L_MergedGlobals)
    [Anonymous Symbol]                       0x20200128   Section        0  heap_4.o(.bss..L_MergedGlobals)
    xFreeBytesRemaining                      0x2020012c   Data           4  heap_4.o(.bss..L_MergedGlobals)
    xMinimumEverFreeBytesRemaining           0x20200130   Data           4  heap_4.o(.bss..L_MergedGlobals)
    xNumberOfSuccessfulAllocations           0x20200134   Data           4  heap_4.o(.bss..L_MergedGlobals)
    xNumberOfSuccessfulFrees                 0x20200138   Data           4  heap_4.o(.bss..L_MergedGlobals)
    xStart                                   0x2020013c   Data           8  heap_4.o(.bss..L_MergedGlobals)
    [Anonymous Symbol]                       0x20200144   Section        0  control.o(.bss..L_MergedGlobals)
    UART3_IRQHandler.i                       0x202001a8   Data           1  maixcam.o(.bss..L_MergedGlobals)
    [Anonymous Symbol]                       0x202001a8   Section        0  maixcam.o(.bss..L_MergedGlobals)
    UART3_IRQHandler.dataFlag                0x202001a9   Data           1  maixcam.o(.bss..L_MergedGlobals)
    UART3_IRQHandler.MaixCam_data_buff       0x202001b8   Data          36  maixcam.o(.bss..L_MergedGlobals)
    [Anonymous Symbol]                       0x202001dc   Section        0  startuptask.o(.bss..L_MergedGlobals.15)
    RGBTask_Handler                          0x202001e4   Data           4  startuptask.o(.bss..L_MergedGlobals.15)
    OLEDTask_Handler                         0x202001e8   Data           4  startuptask.o(.bss..L_MergedGlobals.15)
    mainTask_Handler                         0x202001ec   Data           4  startuptask.o(.bss..L_MergedGlobals.15)
    lineTask_Handler                         0x202001f0   Data           4  startuptask.o(.bss..L_MergedGlobals.15)
    Set0Task_Handler                         0x202001f4   Data           4  startuptask.o(.bss..L_MergedGlobals.15)
    Circle_Task_Handler                      0x202001f8   Data           4  startuptask.o(.bss..L_MergedGlobals.15)
    QEI_Task_Handler                         0x202001fc   Data           4  startuptask.o(.bss..L_MergedGlobals.15)
    xDelayedTaskList1                        0x2020022c   Data          20  tasks.o(.bss..L_MergedGlobals.2)
    [Anonymous Symbol]                       0x2020022c   Section        0  tasks.o(.bss..L_MergedGlobals.2)
    xDelayedTaskList2                        0x20200240   Data          20  tasks.o(.bss..L_MergedGlobals.2)
    __tagsym$$used.1                         0x20200404   Number         0  tasks.o(.bss.pxCurrentTCB)
    pxReadyTasksLists                        0x20200408   Data        1120  tasks.o(.bss.pxReadyTasksLists)
    [Anonymous Symbol]                       0x20200408   Section        0  tasks.o(.bss.pxReadyTasksLists)
    ucHeap                                   0x20200868   Data       20480  heap_4.o(.bss.ucHeap)
    [Anonymous Symbol]                       0x20200868   Section        0  heap_4.o(.bss.ucHeap)
    STACK                                    0x202058a8   Section     2048  startup_mspm0g350x_uvision.o(STACK)

    Global Symbols

    Symbol Name                              Value     Ov Type        Size  Object(Section)

    BuildAttributes$$THM_ISAv3M$S$PE$A:L22$X:L11$S22$IEEE1$IW$~IW$USESV6$~STKCKD$USESV7$~SHL$OTIME$ROPI$EBA8$MICROLIB$REQ8$PRES8$EABIv2 0x00000000   Number         0  anon$$obj.o ABSOLUTE
    __Vectors                                0x00000000   Data           4  startup_mspm0g350x_uvision.o(RESET)
    __cpp_initialize__aeabi_                  - Undefined Weak Reference
    __cxa_finalize                            - Undefined Weak Reference
    __decompress                              - Undefined Weak Reference
    _clock_init                               - Undefined Weak Reference
    _microlib_exit                            - Undefined Weak Reference
    __Vectors_End                            0x000000c0   Data           0  startup_mspm0g350x_uvision.o(RESET)
    __Vectors_Size                           0x000000c0   Number         0  startup_mspm0g350x_uvision.o ABSOLUTE
    __main                                   0x000000c1   Thumb Code     0  entry.o(.ARM.Collect$$$$00000000)
    _main_stk                                0x000000c1   Thumb Code     0  entry2.o(.ARM.Collect$$$$00000001)
    _main_scatterload                        0x000000c5   Thumb Code     0  entry5.o(.ARM.Collect$$$$00000004)
    __main_after_scatterload                 0x000000c9   Thumb Code     0  entry5.o(.ARM.Collect$$$$00000004)
    _main_clock                              0x000000c9   Thumb Code     0  entry7b.o(.ARM.Collect$$$$00000008)
    _main_cpp_init                           0x000000c9   Thumb Code     0  entry8b.o(.ARM.Collect$$$$0000000A)
    _main_init                               0x000000c9   Thumb Code     0  entry9a.o(.ARM.Collect$$$$0000000B)
    __rt_final_cpp                           0x000000d1   Thumb Code     0  entry10a.o(.ARM.Collect$$$$0000000D)
    __rt_final_exit                          0x000000d1   Thumb Code     0  entry11a.o(.ARM.Collect$$$$0000000F)
    Reset_Handler                            0x000000d5   Thumb Code     4  startup_mspm0g350x_uvision.o(.text)
    NMI_Handler                              0x000000d9   Thumb Code     2  startup_mspm0g350x_uvision.o(.text)
    HardFault_Handler                        0x000000db   Thumb Code     2  startup_mspm0g350x_uvision.o(.text)
    ADC0_IRQHandler                          0x000000e3   Thumb Code     0  startup_mspm0g350x_uvision.o(.text)
    ADC1_IRQHandler                          0x000000e3   Thumb Code     0  startup_mspm0g350x_uvision.o(.text)
    AES_IRQHandler                           0x000000e3   Thumb Code     0  startup_mspm0g350x_uvision.o(.text)
    CANFD0_IRQHandler                        0x000000e3   Thumb Code     0  startup_mspm0g350x_uvision.o(.text)
    DAC0_IRQHandler                          0x000000e3   Thumb Code     0  startup_mspm0g350x_uvision.o(.text)
    DMA_IRQHandler                           0x000000e3   Thumb Code     0  startup_mspm0g350x_uvision.o(.text)
    Default_Handler                          0x000000e3   Thumb Code     2  startup_mspm0g350x_uvision.o(.text)
    GROUP0_IRQHandler                        0x000000e3   Thumb Code     0  startup_mspm0g350x_uvision.o(.text)
    GROUP1_IRQHandler                        0x000000e3   Thumb Code     0  startup_mspm0g350x_uvision.o(.text)
    I2C0_IRQHandler                          0x000000e3   Thumb Code     0  startup_mspm0g350x_uvision.o(.text)
    I2C1_IRQHandler                          0x000000e3   Thumb Code     0  startup_mspm0g350x_uvision.o(.text)
    RTC_IRQHandler                           0x000000e3   Thumb Code     0  startup_mspm0g350x_uvision.o(.text)
    SPI0_IRQHandler                          0x000000e3   Thumb Code     0  startup_mspm0g350x_uvision.o(.text)
    SPI1_IRQHandler                          0x000000e3   Thumb Code     0  startup_mspm0g350x_uvision.o(.text)
    TIMA0_IRQHandler                         0x000000e3   Thumb Code     0  startup_mspm0g350x_uvision.o(.text)
    TIMA1_IRQHandler                         0x000000e3   Thumb Code     0  startup_mspm0g350x_uvision.o(.text)
    TIMG0_IRQHandler                         0x000000e3   Thumb Code     0  startup_mspm0g350x_uvision.o(.text)
    TIMG12_IRQHandler                        0x000000e3   Thumb Code     0  startup_mspm0g350x_uvision.o(.text)
    TIMG6_IRQHandler                         0x000000e3   Thumb Code     0  startup_mspm0g350x_uvision.o(.text)
    TIMG7_IRQHandler                         0x000000e3   Thumb Code     0  startup_mspm0g350x_uvision.o(.text)
    TIMG8_IRQHandler                         0x000000e3   Thumb Code     0  startup_mspm0g350x_uvision.o(.text)
    UART0_IRQHandler                         0x000000e3   Thumb Code     0  startup_mspm0g350x_uvision.o(.text)
    UART1_IRQHandler                         0x000000e3   Thumb Code     0  startup_mspm0g350x_uvision.o(.text)
    UART2_IRQHandler                         0x000000e3   Thumb Code     0  startup_mspm0g350x_uvision.o(.text)
    __aeabi_lmul                             0x000000e9   Thumb Code    48  llmul.o(.text)
    _ll_mul                                  0x000000e9   Thumb Code     0  llmul.o(.text)
    __aeabi_memcpy                           0x00000119   Thumb Code    36  memcpya.o(.text)
    __aeabi_memcpy4                          0x00000119   Thumb Code     0  memcpya.o(.text)
    __aeabi_memcpy8                          0x00000119   Thumb Code     0  memcpya.o(.text)
    __aeabi_memset                           0x0000013d   Thumb Code    14  memseta.o(.text)
    __aeabi_memset4                          0x0000013d   Thumb Code     0  memseta.o(.text)
    __aeabi_memset8                          0x0000013d   Thumb Code     0  memseta.o(.text)
    __aeabi_memclr                           0x0000014b   Thumb Code     4  memseta.o(.text)
    __aeabi_memclr4                          0x0000014b   Thumb Code     0  memseta.o(.text)
    __aeabi_memclr8                          0x0000014b   Thumb Code     0  memseta.o(.text)
    _memset$wrapper                          0x0000014f   Thumb Code    18  memseta.o(.text)
    __aeabi_fadd                             0x00000161   Thumb Code   162  fadd.o(.text)
    __aeabi_fsub                             0x00000203   Thumb Code     8  fadd.o(.text)
    __aeabi_frsub                            0x0000020b   Thumb Code     8  fadd.o(.text)
    __aeabi_fmul                             0x00000213   Thumb Code   122  fmul.o(.text)
    __aeabi_fcmple                           0x0000028d   Thumb Code    28  fcmple.o(.text)
    __aeabi_fcmplt                           0x000002a9   Thumb Code    28  fcmplt.o(.text)
    __aeabi_fcmpge                           0x000002c5   Thumb Code    28  fcmpge.o(.text)
    __aeabi_fcmpgt                           0x000002e1   Thumb Code    28  fcmpgt.o(.text)
    __aeabi_i2f                              0x000002fd   Thumb Code    22  fflti.o(.text)
    __aeabi_ui2f                             0x00000313   Thumb Code    14  ffltui.o(.text)
    __aeabi_f2iz                             0x00000321   Thumb Code    50  ffixi.o(.text)
    __aeabi_f2uiz                            0x00000353   Thumb Code    40  ffixui.o(.text)
    __aeabi_f2d                              0x0000037b   Thumb Code    40  f2d.o(.text)
    __aeabi_uidiv                            0x000003a3   Thumb Code     0  uidiv_div0.o(.text)
    __aeabi_uidivmod                         0x000003a3   Thumb Code    62  uidiv_div0.o(.text)
    __aeabi_uldivmod                         0x000003e1   Thumb Code    96  uldiv.o(.text)
    __I$use$fp                               0x00000441   Thumb Code     0  iusefp.o(.text)
    _float_round                             0x00000441   Thumb Code    16  fepilogue.o(.text)
    _float_epilogue                          0x00000451   Thumb Code   114  fepilogue.o(.text)
    __aeabi_dadd                             0x000004c5   Thumb Code   328  dadd.o(.text)
    __aeabi_dsub                             0x0000060d   Thumb Code    12  dadd.o(.text)
    __aeabi_drsub                            0x00000619   Thumb Code    12  dadd.o(.text)
    __aeabi_dmul                             0x00000629   Thumb Code   202  dmul.o(.text)
    __aeabi_ddiv                             0x000006f9   Thumb Code   234  ddiv.o(.text)
    __aeabi_d2ulz                            0x000007e9   Thumb Code    54  dfixul.o(.text)
    __aeabi_cdrcmple                         0x00000829   Thumb Code    38  cdrcmple.o(.text)
    __scatterload                            0x00000851   Thumb Code    38  init.o(.text)
    __scatterload_rt2                        0x00000851   Thumb Code     0  init.o(.text)
    __aeabi_llsl                             0x00000881   Thumb Code    32  llshl.o(.text)
    _ll_shift_l                              0x00000881   Thumb Code     0  llshl.o(.text)
    __aeabi_llsr                             0x000008a1   Thumb Code    34  llushr.o(.text)
    _ll_ushift_r                             0x000008a1   Thumb Code     0  llushr.o(.text)
    __aeabi_lasr                             0x000008c3   Thumb Code    38  llsshr.o(.text)
    _ll_sshift_r                             0x000008c3   Thumb Code     0  llsshr.o(.text)
    _double_round                            0x000008e9   Thumb Code    26  depilogue.o(.text)
    _double_epilogue                         0x00000903   Thumb Code   164  depilogue.o(.text)
    DL_Common_delayCycles                    0x000009a7   Thumb Code    10  dl_common.o(.text.DL_Common_delayCycles)
    DL_SPI_init                              0x000009b1   Thumb Code    60  dl_spi.o(.text.DL_SPI_init)
    DL_SPI_setClockConfig                    0x000009f5   Thumb Code    18  dl_spi.o(.text.DL_SPI_setClockConfig)
    DL_TimerA_initPWMMode                    0x00000a09   Thumb Code   256  dl_timer.o(.text.DL_TimerA_initPWMMode)
    DL_Timer_initPWMMode                     0x00000b09   Thumb Code   188  dl_timer.o(.text.DL_Timer_initPWMMode)
    DL_Timer_initTimerMode                   0x00000bdd   Thumb Code   224  dl_timer.o(.text.DL_Timer_initTimerMode)
    DL_Timer_setCaptCompUpdateMethod         0x00000cc9   Thumb Code    24  dl_timer.o(.text.DL_Timer_setCaptCompUpdateMethod)
    DL_Timer_setCaptureCompareOutCtl         0x00000ce5   Thumb Code    20  dl_timer.o(.text.DL_Timer_setCaptureCompareOutCtl)
    DL_Timer_setCaptureCompareValue          0x00000cfd   Thumb Code    12  dl_timer.o(.text.DL_Timer_setCaptureCompareValue)
    DL_Timer_setClockConfig                  0x00000d0d   Thumb Code    24  dl_timer.o(.text.DL_Timer_setClockConfig)
    DL_UART_init                             0x00000d29   Thumb Code    64  dl_uart.o(.text.DL_UART_init)
    DL_UART_setClockConfig                   0x00000d71   Thumb Code    18  dl_uart.o(.text.DL_UART_setClockConfig)
    DL_UART_transmitDataBlocking             0x00000d85   Thumb Code    32  dl_uart.o(.text.DL_UART_transmitDataBlocking)
    Emm_V5_En_Control                        0x00000da9   Thumb Code    54  emm_v5.o(.text.Emm_V5_En_Control)
    Emm_V5_Origin_Trigger_Return             0x00000ddf   Thumb Code    50  emm_v5.o(.text.Emm_V5_Origin_Trigger_Return)
    Emm_V5_Stop_Now                          0x00000e11   Thumb Code    50  emm_v5.o(.text.Emm_V5_Stop_Now)
    Encoder_init                             0x00000e45   Thumb Code    12  enconder.o(.text.Encoder_init)
    Erect_pid                                0x00000e55   Thumb Code    96  control.o(.text.Erect_pid)
    GPIO_WriteBit                            0x00000eb5   Thumb Code    12  led_key.o(.text.GPIO_WriteBit)
    Get_Encoder                              0x00000ec5   Thumb Code    20  enconder.o(.text.Get_Encoder)
    IIC_XIE                                  0x00000ee1   Thumb Code   320  oled.o(.text.IIC_XIE)
    IIC_XIE_DATA                             0x00001021   Thumb Code   176  oled.o(.text.IIC_XIE_DATA)
    IIC_XIE_ML                               0x000010d1   Thumb Code   176  oled.o(.text.IIC_XIE_ML)
    Line_Control                             0x00001185   Thumb Code   152  control.o(.text.Line_Control)
    MaixCam_Init                             0x0000122d   Thumb Code    12  maixcam.o(.text.MaixCam_Init)
    MaixCam_Send_XY                          0x00001241   Thumb Code   172  maixcam.o(.text.MaixCam_Send_XY)
    Motor_Write                              0x000012f1   Thumb Code   132  motor.o(.text.Motor_Write)
    OLED_Clear                               0x00001389   Thumb Code   228  oled.o(.text.OLED_Clear)
    OLED_Init                                0x00001471   Thumb Code   260  oled.o(.text.OLED_Init)
    OLED_ShowChar                            0x00001579   Thumb Code   248  oled.o(.text.OLED_ShowChar)
    OLED_Write                               0x00001679   Thumb Code   140  oled.o(.text.OLED_Write)
    OLED_task                                0x00001709   Thumb Code    16  startuptask.o(.text.OLED_task)
    PID_Init                                 0x00001719   Thumb Code    24  control.o(.text.PID_Init)
    POS_Control                              0x00001741   Thumb Code   252  emm_v5.o(.text.POS_Control)
    PendSV_Handler                           0x00001851   Thumb Code    68  port.o(.text.PendSV_Handler)
    QEI_task                                 0x00001895   Thumb Code    44  startuptask.o(.text.QEI_task)
    RGB_task                                 0x000018c5   Thumb Code    16  startuptask.o(.text.RGB_task)
    SVC_Handler                              0x000018d5   Thumb Code     2  port.o(.text.SVC_Handler)
    SYSCFG_DL_GPIO_init                      0x000018d9   Thumb Code   172  ti_msp_dl_config.o(.text.SYSCFG_DL_GPIO_init)
    SYSCFG_DL_MOTOR_PWM_init                 0x000019b5   Thumb Code   120  ti_msp_dl_config.o(.text.SYSCFG_DL_MOTOR_PWM_init)
    SYSCFG_DL_QEI_0_init                     0x00001a45   Thumb Code    44  ti_msp_dl_config.o(.text.SYSCFG_DL_QEI_0_init)
    SYSCFG_DL_SPI_WS2812_init                0x00001a91   Thumb Code    56  ti_msp_dl_config.o(.text.SYSCFG_DL_SPI_WS2812_init)
    SYSCFG_DL_SYSCTL_init                    0x00001add   Thumb Code    52  ti_msp_dl_config.o(.text.SYSCFG_DL_SYSCTL_init)
    SYSCFG_DL_SYSTICK_init                   0x00001b19   Thumb Code     2  ti_msp_dl_config.o(.text.SYSCFG_DL_SYSTICK_init)
    SYSCFG_DL_Servo_init                     0x00001b1d   Thumb Code   188  ti_msp_dl_config.o(.text.SYSCFG_DL_Servo_init)
    SYSCFG_DL_TIMER_0_init                   0x00001bf1   Thumb Code    48  ti_msp_dl_config.o(.text.SYSCFG_DL_TIMER_0_init)
    SYSCFG_DL_UART_0_init                    0x00001c39   Thumb Code   104  ti_msp_dl_config.o(.text.SYSCFG_DL_UART_0_init)
    SYSCFG_DL_UART_1_init                    0x00001cb5   Thumb Code    88  ti_msp_dl_config.o(.text.SYSCFG_DL_UART_1_init)
    SYSCFG_DL_UART_3_init                    0x00001d1d   Thumb Code   100  ti_msp_dl_config.o(.text.SYSCFG_DL_UART_3_init)
    SYSCFG_DL_init                           0x00001d9d   Thumb Code    80  ti_msp_dl_config.o(.text.SYSCFG_DL_init)
    SYSCFG_DL_initPower                      0x00001dfd   Thumb Code    88  ti_msp_dl_config.o(.text.SYSCFG_DL_initPower)
    Set0_task                                0x00001e85   Thumb Code   252  startuptask.o(.text.Set0_task)
    Set_PID_1                                0x00001f89   Thumb Code    24  control.o(.text.Set_PID_1)
    Speed_Control                            0x00001fb9   Thumb Code   268  emm_v5.o(.text.Speed_Control)
    StartupTask                              0x000020cd   Thumb Code   164  startuptask.o(.text.StartupTask)
    SysTick_Handler                          0x000021c1   Thumb Code    32  port.o(.text.SysTick_Handler)
    TASK_1                                   0x000021e5   Thumb Code   176  control.o(.text.TASK_1)
    TASK_3                                   0x000022a9   Thumb Code   100  control.o(.text.TASK_3)
    TI                                       0x0000231d   Thumb Code   808  control.o(.text.TI)
    UART3_IRQHandler                         0x00002695   Thumb Code   128  maixcam.o(.text.UART3_IRQHandler)
    Uart_Send                                0x00002725   Thumb Code    28  bsp_uart.o(.text.Uart_Send)
    circle_task                              0x00002741   Thumb Code     8  startuptask.o(.text.circle_task)
    delay_noOS                               0x00002749   Thumb Code   344  delay.o(.text.delay_noOS)
    line_task                                0x000028a5   Thumb Code   136  startuptask.o(.text.line_task)
    main                                     0x0000293d   Thumb Code    60  main.o(.text.main)
    main_task                                0x00002981   Thumb Code  1668  startuptask.o(.text.main_task)
    pvPortMalloc                             0x00003459   Thumb Code   352  heap_4.o(.text.pvPortMalloc)
    pxPortInitialiseStack                    0x000035bd   Thumb Code    32  port.o(.text.pxPortInitialiseStack)
    ulSetInterruptMaskFromISR                0x000035e1   Thumb Code     8  port.o(.text.ulSetInterruptMaskFromISR)
    uxListRemove                             0x000035e9   Thumb Code    32  list.o(.text.uxListRemove)
    vClearInterruptMaskFromISR               0x00003609   Thumb Code     6  port.o(.text.vClearInterruptMaskFromISR)
    vListInitialise                          0x0000360f   Thumb Code    20  list.o(.text.vListInitialise)
    vListInitialiseItem                      0x00003623   Thumb Code     6  list.o(.text.vListInitialiseItem)
    vListInsert                              0x00003629   Thumb Code    60  list.o(.text.vListInsert)
    vPortEnterCritical                       0x00003665   Thumb Code    20  port.o(.text.vPortEnterCritical)
    vPortExitCritical                        0x00003679   Thumb Code    24  port.o(.text.vPortExitCritical)
    vPortFree                                0x00003695   Thumb Code   148  heap_4.o(.text.vPortFree)
    vPortSetupTimerInterrupt                 0x0000372d   Thumb Code    20  port.o(.text.vPortSetupTimerInterrupt)
    vPortYield                               0x00003785   Thumb Code    20  port.o(.text.vPortYield)
    vQueueAddToRegistry                      0x0000379d   Thumb Code   244  queue.o(.text.vQueueAddToRegistry)
    vQueueWaitForMessageRestricted           0x00003895   Thumb Code    92  queue.o(.text.vQueueWaitForMessageRestricted)
    vTaskDelay                               0x000038f1   Thumb Code   116  tasks.o(.text.vTaskDelay)
    vTaskInternalSetTimeOutState             0x00003965   Thumb Code    12  tasks.o(.text.vTaskInternalSetTimeOutState)
    vTaskMissedYield                         0x00003971   Thumb Code     8  tasks.o(.text.vTaskMissedYield)
    vTaskPlaceOnEventList                    0x00003979   Thumb Code   128  tasks.o(.text.vTaskPlaceOnEventList)
    vTaskPlaceOnEventListRestricted          0x000039f9   Thumb Code   160  tasks.o(.text.vTaskPlaceOnEventListRestricted)
    vTaskStartScheduler                      0x00003a99   Thumb Code    72  tasks.o(.text.vTaskStartScheduler)
    vTaskSuspendAll                          0x00003af5   Thumb Code    12  tasks.o(.text.vTaskSuspendAll)
    vTaskSwitchContext                       0x00003b01   Thumb Code   156  tasks.o(.text.vTaskSwitchContext)
    xPortStartScheduler                      0x00003ba9   Thumb Code    84  port.o(.text.xPortStartScheduler)
    xQueueGenericCreate                      0x00003c05   Thumb Code   150  queue.o(.text.xQueueGenericCreate)
    xQueueReceive                            0x00003c9b   Thumb Code   398  queue.o(.text.xQueueReceive)
    xTaskCheckForTimeOut                     0x00003e29   Thumb Code   104  tasks.o(.text.xTaskCheckForTimeOut)
    xTaskCreate                              0x00003e95   Thumb Code  1036  tasks.o(.text.xTaskCreate)
    xTaskGetSchedulerState                   0x000042b5   Thumb Code    24  tasks.o(.text.xTaskGetSchedulerState)
    xTaskGetTickCount                        0x000042cd   Thumb Code     8  tasks.o(.text.xTaskGetTickCount)
    xTaskIncrementTick                       0x000042d9   Thumb Code   292  tasks.o(.text.xTaskIncrementTick)
    xTaskRemoveFromEventList                 0x000043fd   Thumb Code   164  tasks.o(.text.xTaskRemoveFromEventList)
    xTaskResumeAll                           0x000044a1   Thumb Code   264  tasks.o(.text.xTaskResumeAll)
    xTimerCreateTimerTask                    0x000045b5   Thumb Code   108  timers.o(.text.xTimerCreateTimerTask)
    __0vsprintf                              0x00004635   Thumb Code    30  printfa.o(i.__0vsprintf)
    __1vsprintf                              0x00004635   Thumb Code     0  printfa.o(i.__0vsprintf)
    __2vsprintf                              0x00004635   Thumb Code     0  printfa.o(i.__0vsprintf)
    __c89vsprintf                            0x00004635   Thumb Code     0  printfa.o(i.__0vsprintf)
    vsprintf                                 0x00004635   Thumb Code     0  printfa.o(i.__0vsprintf)
    __ARM_clz                                0x00004659   Thumb Code    46  depilogue.o(i.__ARM_clz)
    __scatterload_copy                       0x00004689   Thumb Code    14  handlers.o(i.__scatterload_copy)
    __scatterload_null                       0x00004699   Thumb Code     2  handlers.o(i.__scatterload_null)
    __scatterload_zeroinit                   0x000046a1   Thumb Code    14  handlers.o(i.__scatterload_zeroinit)
    F6x8                                     0x00004f66   Data         552  oled.o(.rodata.F6x8)
    F8X16                                    0x0000518e   Data        1520  oled.o(.rodata.F8X16)
    uxTopUsedPriority                        0x00005810   Data           4  tasks.o(.rodata.uxTopUsedPriority)
    Region$$Table$$Base                      0x00005814   Number         0  anon$$obj.o(Region$$Table)
    Region$$Table$$Limit                     0x00005834   Number         0  anon$$obj.o(Region$$Table)
    Greenx                                   0x20200000   Data           4  startuptask.o(.data..L_MergedGlobals)
    Greeny                                   0x20200004   Data           4  startuptask.o(.data..L_MergedGlobals)
    yutai_3_init_falg                        0x20200008   Data           4  startuptask.o(.data..L_MergedGlobals)
    OLED_Lock                                0x2020000c   Data           4  oled.o(.data.OLED_Lock)
    car_go_dir                               0x20200010   Data           4  startuptask.o(.data.car_go_dir)
    dir                                      0x20200014   Data           2  enconder.o(.data.dir)
    gSPI_WS2812Backup                        0x20200020   Data          40  ti_msp_dl_config.o(.bss..L_MergedGlobals)
    gUART_3Backup                            0x20200048   Data          48  ti_msp_dl_config.o(.bss..L_MergedGlobals)
    is_turning                               0x20200144   Data           4  control.o(.bss..L_MergedGlobals)
    feed_forward                             0x20200148   Data           4  control.o(.bss..L_MergedGlobals)
    Line                                     0x2020014c   Data           4  control.o(.bss..L_MergedGlobals)
    Serx                                     0x20200150   Data          44  control.o(.bss..L_MergedGlobals)
    Sery                                     0x2020017c   Data          44  control.o(.bss..L_MergedGlobals)
    JiGuang                                  0x202001aa   Data           4  maixcam.o(.bss..L_MergedGlobals)
    Camera_fps                               0x202001b0   Data           4  maixcam.o(.bss..L_MergedGlobals)
    Camera_flag                              0x202001b4   Data           4  maixcam.o(.bss..L_MergedGlobals)
    delta_JiGuang                            0x202001dc   Data           2  startuptask.o(.bss..L_MergedGlobals.15)
    last_x                                   0x202001de   Data           2  startuptask.o(.bss..L_MergedGlobals.15)
    last_y                                   0x202001e0   Data           2  startuptask.o(.bss..L_MergedGlobals.15)
    Start_flag                               0x20200200   Data           4  startuptask.o(.bss..L_MergedGlobals.15)
    Set0_flag                                0x20200204   Data           4  startuptask.o(.bss..L_MergedGlobals.15)
    YunTai_EN                                0x20200208   Data           4  startuptask.o(.bss..L_MergedGlobals.15)
    Line_EN                                  0x2020020c   Data           4  startuptask.o(.bss..L_MergedGlobals.15)
    distance                                 0x20200210   Data           4  startuptask.o(.bss..L_MergedGlobals.15)
    yuntai_flag                              0x20200214   Data           4  startuptask.o(.bss..L_MergedGlobals.15)
    uart1_origin_done                        0x20200218   Data           4  startuptask.o(.bss..L_MergedGlobals.15)
    num_second                               0x2020021c   Data           4  startuptask.o(.bss..L_MergedGlobals.15)
    err_cx                                   0x20200220   Data           4  startuptask.o(.bss..L_MergedGlobals.15)
    err_cy                                   0x20200224   Data           4  startuptask.o(.bss..L_MergedGlobals.15)
    speed                                    0x20200228   Data           4  startuptask.o(.bss..L_MergedGlobals.15)
    a                                        0x20200254   Data           1  control.o(.bss.a)
    gQEI_0Backup                             0x20200258   Data         120  ti_msp_dl_config.o(.bss.gQEI_0Backup)
    gServoBackup                             0x202002d0   Data         188  ti_msp_dl_config.o(.bss.gServoBackup)
    gTIMER_0Backup                           0x2020038c   Data         120  ti_msp_dl_config.o(.bss.gTIMER_0Backup)
    pxCurrentTCB                             0x20200404   Data           4  tasks.o(.bss.pxCurrentTCB)
    xQueueRegistry                           0x20205868   Data          64  queue.o(.bss.xQueueRegistry)
    __initial_sp                             0x202060a8   Data           0  startup_mspm0g350x_uvision.o(STACK)



==============================================================================

Memory Map of the image

  Image Entry point : 0x000000c1

  Load Region LR_IROM1 (Base: 0x00000000, Size: 0x00005858, Max: 0x00020000, ABSOLUTE)

    Execution Region ER_IROM1 (Exec base: 0x00000000, Load base: 0x00000000, Size: 0x00005834, Max: 0x00020000, ABSOLUTE)

    Exec Addr    Load Addr    Size         Type   Attr      Idx    E Section Name        Object

    0x00000000   0x00000000   0x000000c0   Data   RO          842    RESET               startup_mspm0g350x_uvision.o
    0x000000c0   0x000000c0   0x00000000   Code   RO         1492  * .ARM.Collect$$$$00000000  mc_p.l(entry.o)
    0x000000c0   0x000000c0   0x00000004   Code   RO         1561    .ARM.Collect$$$$00000001  mc_p.l(entry2.o)
    0x000000c4   0x000000c4   0x00000004   Code   RO         1564    .ARM.Collect$$$$00000004  mc_p.l(entry5.o)
    0x000000c8   0x000000c8   0x00000000   Code   RO         1566    .ARM.Collect$$$$00000008  mc_p.l(entry7b.o)
    0x000000c8   0x000000c8   0x00000000   Code   RO         1568    .ARM.Collect$$$$0000000A  mc_p.l(entry8b.o)
    0x000000c8   0x000000c8   0x00000008   Code   RO         1569    .ARM.Collect$$$$0000000B  mc_p.l(entry9a.o)
    0x000000d0   0x000000d0   0x00000000   Code   RO         1571    .ARM.Collect$$$$0000000D  mc_p.l(entry10a.o)
    0x000000d0   0x000000d0   0x00000000   Code   RO         1573    .ARM.Collect$$$$0000000F  mc_p.l(entry11a.o)
    0x000000d0   0x000000d0   0x00000004   Code   RO         1562    .ARM.Collect$$$$00002712  mc_p.l(entry2.o)
    0x000000d4   0x000000d4   0x00000014   Code   RO          843    .text               startup_mspm0g350x_uvision.o
    0x000000e8   0x000000e8   0x00000030   Code   RO         1501    .text               mc_p.l(llmul.o)
    0x00000118   0x00000118   0x00000024   Code   RO         1503    .text               mc_p.l(memcpya.o)
    0x0000013c   0x0000013c   0x00000024   Code   RO         1505    .text               mc_p.l(memseta.o)
    0x00000160   0x00000160   0x000000b2   Code   RO         1537    .text               mf_p.l(fadd.o)
    0x00000212   0x00000212   0x0000007a   Code   RO         1539    .text               mf_p.l(fmul.o)
    0x0000028c   0x0000028c   0x0000001c   Code   RO         1543    .text               mf_p.l(fcmple.o)
    0x000002a8   0x000002a8   0x0000001c   Code   RO         1545    .text               mf_p.l(fcmplt.o)
    0x000002c4   0x000002c4   0x0000001c   Code   RO         1547    .text               mf_p.l(fcmpge.o)
    0x000002e0   0x000002e0   0x0000001c   Code   RO         1549    .text               mf_p.l(fcmpgt.o)
    0x000002fc   0x000002fc   0x00000016   Code   RO         1551    .text               mf_p.l(fflti.o)
    0x00000312   0x00000312   0x0000000e   Code   RO         1553    .text               mf_p.l(ffltui.o)
    0x00000320   0x00000320   0x00000032   Code   RO         1555    .text               mf_p.l(ffixi.o)
    0x00000352   0x00000352   0x00000028   Code   RO         1557    .text               mf_p.l(ffixui.o)
    0x0000037a   0x0000037a   0x00000028   Code   RO         1559    .text               mf_p.l(f2d.o)
    0x000003a2   0x000003a2   0x0000003e   Code   RO         1580    .text               mc_p.l(uidiv_div0.o)
    0x000003e0   0x000003e0   0x00000060   Code   RO         1586    .text               mc_p.l(uldiv.o)
    0x00000440   0x00000440   0x00000000   Code   RO         1588    .text               mc_p.l(iusefp.o)
    0x00000440   0x00000440   0x00000082   Code   RO         1589    .text               mf_p.l(fepilogue.o)
    0x000004c2   0x000004c2   0x00000002   PAD
    0x000004c4   0x000004c4   0x00000164   Code   RO         1591    .text               mf_p.l(dadd.o)
    0x00000628   0x00000628   0x000000d0   Code   RO         1593    .text               mf_p.l(dmul.o)
    0x000006f8   0x000006f8   0x000000f0   Code   RO         1595    .text               mf_p.l(ddiv.o)
    0x000007e8   0x000007e8   0x00000040   Code   RO         1597    .text               mf_p.l(dfixul.o)
    0x00000828   0x00000828   0x00000028   Code   RO         1599    .text               mf_p.l(cdrcmple.o)
    0x00000850   0x00000850   0x00000030   Code   RO         1601    .text               mc_p.l(init.o)
    0x00000880   0x00000880   0x00000020   Code   RO         1603    .text               mc_p.l(llshl.o)
    0x000008a0   0x000008a0   0x00000022   Code   RO         1605    .text               mc_p.l(llushr.o)
    0x000008c2   0x000008c2   0x00000026   Code   RO         1607    .text               mc_p.l(llsshr.o)
    0x000008e8   0x000008e8   0x000000be   Code   RO         1609    .text               mf_p.l(depilogue.o)
    0x000009a6   0x000009a6   0x0000000a   Code   RO           51    .text.DL_Common_delayCycles  dl_common.o
    0x000009b0   0x000009b0   0x00000044   Code   RO          511    .text.DL_SPI_init   dl_spi.o
    0x000009f4   0x000009f4   0x00000012   Code   RO          513    .text.DL_SPI_setClockConfig  dl_spi.o
    0x00000a06   0x00000a06   0x00000002   PAD
    0x00000a08   0x00000a08   0x00000100   Code   RO          643    .text.DL_TimerA_initPWMMode  dl_timer.o
    0x00000b08   0x00000b08   0x000000d4   Code   RO          587    .text.DL_Timer_initPWMMode  dl_timer.o
    0x00000bdc   0x00000bdc   0x000000ec   Code   RO          569    .text.DL_Timer_initTimerMode  dl_timer.o
    0x00000cc8   0x00000cc8   0x0000001c   Code   RO          617    .text.DL_Timer_setCaptCompUpdateMethod  dl_timer.o
    0x00000ce4   0x00000ce4   0x00000018   Code   RO          591    .text.DL_Timer_setCaptureCompareOutCtl  dl_timer.o
    0x00000cfc   0x00000cfc   0x00000010   Code   RO          571    .text.DL_Timer_setCaptureCompareValue  dl_timer.o
    0x00000d0c   0x00000d0c   0x0000001c   Code   RO          565    .text.DL_Timer_setClockConfig  dl_timer.o
    0x00000d28   0x00000d28   0x00000048   Code   RO          676    .text.DL_UART_init  dl_uart.o
    0x00000d70   0x00000d70   0x00000012   Code   RO          678    .text.DL_UART_setClockConfig  dl_uart.o
    0x00000d82   0x00000d82   0x00000002   PAD
    0x00000d84   0x00000d84   0x00000024   Code   RO          690    .text.DL_UART_transmitDataBlocking  dl_uart.o
    0x00000da8   0x00000da8   0x00000036   Code   RO         1456    .text.Emm_V5_En_Control  emm_v5.o
    0x00000dde   0x00000dde   0x00000032   Code   RO         1466    .text.Emm_V5_Origin_Trigger_Return  emm_v5.o
    0x00000e10   0x00000e10   0x00000032   Code   RO         1458    .text.Emm_V5_Stop_Now  emm_v5.o
    0x00000e42   0x00000e42   0x00000002   PAD
    0x00000e44   0x00000e44   0x00000010   Code   RO         1336    .text.Encoder_init  enconder.o
    0x00000e54   0x00000e54   0x00000060   Code   RO         1365    .text.Erect_pid     control.o
    0x00000eb4   0x00000eb4   0x00000010   Code   RO         1326    .text.GPIO_WriteBit  led_key.o
    0x00000ec4   0x00000ec4   0x0000001c   Code   RO         1334    .text.Get_Encoder   enconder.o
    0x00000ee0   0x00000ee0   0x00000140   Code   RO         1277    .text.IIC_XIE       oled.o
    0x00001020   0x00001020   0x000000b0   Code   RO         1281    .text.IIC_XIE_DATA  oled.o
    0x000010d0   0x000010d0   0x000000b4   Code   RO         1279    .text.IIC_XIE_ML    oled.o
    0x00001184   0x00001184   0x000000a8   Code   RO         1369    .text.Line_Control  control.o
    0x0000122c   0x0000122c   0x00000014   Code   RO         1405    .text.MaixCam_Init  maixcam.o
    0x00001240   0x00001240   0x000000b0   Code   RO         1407    .text.MaixCam_Send_XY  maixcam.o
    0x000012f0   0x000012f0   0x00000098   Code   RO         1316    .text.Motor_Write   motor.o
    0x00001388   0x00001388   0x000000e8   Code   RO         1285    .text.OLED_Clear    oled.o
    0x00001470   0x00001470   0x00000108   Code   RO         1297    .text.OLED_Init     oled.o
    0x00001578   0x00001578   0x00000100   Code   RO         1287    .text.OLED_ShowChar  oled.o
    0x00001678   0x00001678   0x00000090   Code   RO         1299    .text.OLED_Write    oled.o
    0x00001708   0x00001708   0x00000010   Code   RO         1198    .text.OLED_task     startuptask.o
    0x00001718   0x00001718   0x00000028   Code   RO         1359    .text.PID_Init      control.o
    0x00001740   0x00001740   0x00000104   Code   RO         1442    .text.POS_Control   emm_v5.o
    0x00001844   0x00001844   0x0000000c   PAD
    0x00001850   0x00001850   0x00000044   Code   RO         1181    .text.PendSV_Handler  port.o
    0x00001894   0x00001894   0x00000030   Code   RO         1208    .text.QEI_task      startuptask.o
    0x000018c4   0x000018c4   0x00000010   Code   RO         1196    .text.RGB_task      startuptask.o
    0x000018d4   0x000018d4   0x00000002   Code   RO         1161    .text.SVC_Handler   port.o
    0x000018d6   0x000018d6   0x00000002   PAD
    0x000018d8   0x000018d8   0x000000dc   Code   RO          788    .text.SYSCFG_DL_GPIO_init  ti_msp_dl_config.o
    0x000019b4   0x000019b4   0x00000090   Code   RO          792    .text.SYSCFG_DL_MOTOR_PWM_init  ti_msp_dl_config.o
    0x00001a44   0x00001a44   0x0000004c   Code   RO          796    .text.SYSCFG_DL_QEI_0_init  ti_msp_dl_config.o
    0x00001a90   0x00001a90   0x0000004c   Code   RO          806    .text.SYSCFG_DL_SPI_WS2812_init  ti_msp_dl_config.o
    0x00001adc   0x00001adc   0x0000003c   Code   RO          790    .text.SYSCFG_DL_SYSCTL_init  ti_msp_dl_config.o
    0x00001b18   0x00001b18   0x00000002   Code   RO          808    .text.SYSCFG_DL_SYSTICK_init  ti_msp_dl_config.o
    0x00001b1a   0x00001b1a   0x00000002   PAD
    0x00001b1c   0x00001b1c   0x000000d4   Code   RO          794    .text.SYSCFG_DL_Servo_init  ti_msp_dl_config.o
    0x00001bf0   0x00001bf0   0x00000048   Code   RO          798    .text.SYSCFG_DL_TIMER_0_init  ti_msp_dl_config.o
    0x00001c38   0x00001c38   0x0000007c   Code   RO          800    .text.SYSCFG_DL_UART_0_init  ti_msp_dl_config.o
    0x00001cb4   0x00001cb4   0x00000068   Code   RO          802    .text.SYSCFG_DL_UART_1_init  ti_msp_dl_config.o
    0x00001d1c   0x00001d1c   0x00000080   Code   RO          804    .text.SYSCFG_DL_UART_3_init  ti_msp_dl_config.o
    0x00001d9c   0x00001d9c   0x00000060   Code   RO          784    .text.SYSCFG_DL_init  ti_msp_dl_config.o
    0x00001dfc   0x00001dfc   0x00000088   Code   RO          786    .text.SYSCFG_DL_initPower  ti_msp_dl_config.o
    0x00001e84   0x00001e84   0x00000104   Code   RO         1204    .text.Set0_task     startuptask.o
    0x00001f88   0x00001f88   0x00000030   Code   RO         1361    .text.Set_PID_1     control.o
    0x00001fb8   0x00001fb8   0x00000114   Code   RO         1438    .text.Speed_Control  emm_v5.o
    0x000020cc   0x000020cc   0x000000f4   Code   RO         1194    .text.StartupTask   startuptask.o
    0x000021c0   0x000021c0   0x00000024   Code   RO         1183    .text.SysTick_Handler  port.o
    0x000021e4   0x000021e4   0x000000c4   Code   RO         1375    .text.TASK_1        control.o
    0x000022a8   0x000022a8   0x00000074   Code   RO         1377    .text.TASK_3        control.o
    0x0000231c   0x0000231c   0x00000378   Code   RO         1383    .text.TI            control.o
    0x00002694   0x00002694   0x00000090   Code   RO         1409    .text.UART3_IRQHandler  maixcam.o
    0x00002724   0x00002724   0x0000001c   Code   RO         1484    .text.Uart_Send     bsp_uart.o
    0x00002740   0x00002740   0x00000008   Code   RO         1206    .text.circle_task   startuptask.o
    0x00002748   0x00002748   0x0000015c   Code   RO         1348    .text.delay_noOS    delay.o
    0x000028a4   0x000028a4   0x00000098   Code   RO         1202    .text.line_task     startuptask.o
    0x0000293c   0x0000293c   0x00000044   Code   RO          775    .text.main          main.o
    0x00002980   0x00002980   0x000006d8   Code   RO         1200    .text.main_task     startuptask.o
    0x00003058   0x00003058   0x0000004c   Code   RO         1002    .text.prvIdleTask   tasks.o
    0x000030a4   0x000030a4   0x00000034   Code   RO         1159    .text.prvTaskExitError  port.o
    0x000030d8   0x000030d8   0x00000300   Code   RO         1089    .text.prvTimerTask  timers.o
    0x000033d8   0x000033d8   0x0000007e   Code   RO          923    .text.prvUnlockQueue  queue.o
    0x00003456   0x00003456   0x00000002   PAD
    0x00003458   0x00003458   0x00000164   Code   RO         1133    .text.pvPortMalloc  heap_4.o
    0x000035bc   0x000035bc   0x00000024   Code   RO         1157    .text.pxPortInitialiseStack  port.o
    0x000035e0   0x000035e0   0x00000008   Code   RO         1177    .text.ulSetInterruptMaskFromISR  port.o
    0x000035e8   0x000035e8   0x00000020   Code   RO          893    .text.uxListRemove  list.o
    0x00003608   0x00003608   0x00000006   Code   RO         1179    .text.vClearInterruptMaskFromISR  port.o
    0x0000360e   0x0000360e   0x00000014   Code   RO          885    .text.vListInitialise  list.o
    0x00003622   0x00003622   0x00000006   Code   RO          887    .text.vListInitialiseItem  list.o
    0x00003628   0x00003628   0x0000003c   Code   RO          891    .text.vListInsert   list.o
    0x00003664   0x00003664   0x00000014   Code   RO         1173    .text.vPortEnterCritical  port.o
    0x00003678   0x00003678   0x0000001c   Code   RO         1175    .text.vPortExitCritical  port.o
    0x00003694   0x00003694   0x00000098   Code   RO         1135    .text.vPortFree     heap_4.o
    0x0000372c   0x0000372c   0x0000001c   Code   RO         1165    .text.vPortSetupTimerInterrupt  port.o
    0x00003748   0x00003748   0x00000008   PAD
    0x00003750   0x00003750   0x00000034   Code   RO         1167    .text.vPortStartFirstTask  port.o
    0x00003784   0x00003784   0x00000018   Code   RO         1171    .text.vPortYield    port.o
    0x0000379c   0x0000379c   0x000000f8   Code   RO          957    .text.vQueueAddToRegistry  queue.o
    0x00003894   0x00003894   0x0000005c   Code   RO          961    .text.vQueueWaitForMessageRestricted  queue.o
    0x000038f0   0x000038f0   0x00000074   Code   RO          982    .text.vTaskDelay    tasks.o
    0x00003964   0x00003964   0x0000000c   Code   RO         1032    .text.vTaskInternalSetTimeOutState  tasks.o
    0x00003970   0x00003970   0x00000008   Code   RO         1036    .text.vTaskMissedYield  tasks.o
    0x00003978   0x00003978   0x00000080   Code   RO         1020    .text.vTaskPlaceOnEventList  tasks.o
    0x000039f8   0x000039f8   0x000000a0   Code   RO         1024    .text.vTaskPlaceOnEventListRestricted  tasks.o
    0x00003a98   0x00003a98   0x0000005c   Code   RO         1000    .text.vTaskStartScheduler  tasks.o
    0x00003af4   0x00003af4   0x0000000c   Code   RO          978    .text.vTaskSuspendAll  tasks.o
    0x00003b00   0x00003b00   0x000000a8   Code   RO          994    .text.vTaskSwitchContext  tasks.o
    0x00003ba8   0x00003ba8   0x0000005c   Code   RO         1163    .text.xPortStartScheduler  port.o
    0x00003c04   0x00003c04   0x00000096   Code   RO          905    .text.xQueueGenericCreate  queue.o
    0x00003c9a   0x00003c9a   0x0000018e   Code   RO          929    .text.xQueueReceive  queue.o
    0x00003e28   0x00003e28   0x0000006c   Code   RO         1034    .text.xTaskCheckForTimeOut  tasks.o
    0x00003e94   0x00003e94   0x00000420   Code   RO          972    .text.xTaskCreate   tasks.o
    0x000042b4   0x000042b4   0x00000018   Code   RO         1048    .text.xTaskGetSchedulerState  tasks.o
    0x000042cc   0x000042cc   0x0000000c   Code   RO         1008    .text.xTaskGetTickCount  tasks.o
    0x000042d8   0x000042d8   0x00000124   Code   RO         1006    .text.xTaskIncrementTick  tasks.o
    0x000043fc   0x000043fc   0x000000a4   Code   RO         1026    .text.xTaskRemoveFromEventList  tasks.o
    0x000044a0   0x000044a0   0x00000114   Code   RO          980    .text.xTaskResumeAll  tasks.o
    0x000045b4   0x000045b4   0x00000080   Code   RO         1087    .text.xTimerCreateTimerTask  timers.o
    0x00004634   0x00004634   0x00000024   Code   RO         1516    i.__0vsprintf       mc_p.l(printfa.o)
    0x00004658   0x00004658   0x0000002e   Code   RO         1611    i.__ARM_clz         mf_p.l(depilogue.o)
    0x00004686   0x00004686   0x00000002   PAD
    0x00004688   0x00004688   0x0000000e   Code   RO         1615    i.__scatterload_copy  mc_p.l(handlers.o)
    0x00004696   0x00004696   0x00000002   PAD
    0x00004698   0x00004698   0x00000002   Code   RO         1616    i.__scatterload_null  mc_p.l(handlers.o)
    0x0000469a   0x0000469a   0x00000006   PAD
    0x000046a0   0x000046a0   0x0000000e   Code   RO         1617    i.__scatterload_zeroinit  mc_p.l(handlers.o)
    0x000046ae   0x000046ae   0x00000002   PAD
    0x000046b0   0x000046b0   0x00000174   Code   RO         1517    i._fp_digits        mc_p.l(printfa.o)
    0x00004824   0x00004824   0x000006ec   Code   RO         1518    i._printf_core      mc_p.l(printfa.o)
    0x00004f10   0x00004f10   0x00000020   Code   RO         1519    i._printf_post_padding  mc_p.l(printfa.o)
    0x00004f30   0x00004f30   0x0000002c   Code   RO         1520    i._printf_pre_padding  mc_p.l(printfa.o)
    0x00004f5c   0x00004f5c   0x0000000a   Code   RO         1522    i._sputc            mc_p.l(printfa.o)
    0x00004f66   0x00004f66   0x00000228   Data   RO         1301    .rodata.F6x8        oled.o
    0x0000518e   0x0000518e   0x000005f0   Data   RO         1302    .rodata.F8X16       oled.o
    0x0000577e   0x0000577e   0x00000003   Data   RO          817    .rodata.gMOTOR_PWMClockConfig  ti_msp_dl_config.o
    0x00005781   0x00005781   0x00000003   PAD
    0x00005784   0x00005784   0x00000008   Data   RO          818    .rodata.gMOTOR_PWMConfig  ti_msp_dl_config.o
    0x0000578c   0x0000578c   0x00000003   Data   RO          821    .rodata.gQEI_0ClockConfig  ti_msp_dl_config.o
    0x0000578f   0x0000578f   0x00000002   Data   RO          830    .rodata.gSPI_WS2812_clockConfig  ti_msp_dl_config.o
    0x00005791   0x00005791   0x00000001   PAD
    0x00005792   0x00005792   0x0000000a   Data   RO          831    .rodata.gSPI_WS2812_config  ti_msp_dl_config.o
    0x0000579c   0x0000579c   0x00000003   Data   RO          819    .rodata.gServoClockConfig  ti_msp_dl_config.o
    0x0000579f   0x0000579f   0x00000001   PAD
    0x000057a0   0x000057a0   0x00000008   Data   RO          820    .rodata.gServoConfig  ti_msp_dl_config.o
    0x000057a8   0x000057a8   0x00000003   Data   RO          822    .rodata.gTIMER_0ClockConfig  ti_msp_dl_config.o
    0x000057ab   0x000057ab   0x00000001   PAD
    0x000057ac   0x000057ac   0x00000014   Data   RO          823    .rodata.gTIMER_0TimerConfig  ti_msp_dl_config.o
    0x000057c0   0x000057c0   0x00000002   Data   RO          824    .rodata.gUART_0ClockConfig  ti_msp_dl_config.o
    0x000057c2   0x000057c2   0x0000000a   Data   RO          825    .rodata.gUART_0Config  ti_msp_dl_config.o
    0x000057cc   0x000057cc   0x00000002   Data   RO          826    .rodata.gUART_1ClockConfig  ti_msp_dl_config.o
    0x000057ce   0x000057ce   0x0000000a   Data   RO          827    .rodata.gUART_1Config  ti_msp_dl_config.o
    0x000057d8   0x000057d8   0x00000002   Data   RO          828    .rodata.gUART_3ClockConfig  ti_msp_dl_config.o
    0x000057da   0x000057da   0x0000000a   Data   RO          829    .rodata.gUART_3Config  ti_msp_dl_config.o
    0x000057e4   0x000057e4   0x00000005   Data   RO         1123    .rodata.str1.1      timers.o
    0x000057e9   0x000057e9   0x00000020   Data   RO         1225    .rodata.str1.1      startuptask.o
    0x00005809   0x00005809   0x00000007   Data   RO         1387    .rodata.str1.1      control.o
    0x00005810   0x00005810   0x00000004   Data   RO         1075    .rodata.uxTopUsedPriority  tasks.o
    0x00005814   0x00005814   0x00000020   Data   RO         1614    Region$$Table       anon$$obj.o


    Execution Region RW_IRAM2 (Exec base: 0x20200000, Load base: 0x00005838, Size: 0x000060a8, Max: 0x00008000, ABSOLUTE)

    Exec Addr    Load Addr    Size         Type   Attr      Idx    E Section Name        Object

    0x20200000   0x00005838   0x0000000c   Data   RW         1229    .data..L_MergedGlobals  startuptask.o
    0x2020000c   0x00005844   0x00000004   Data   RW         1305    .data.OLED_Lock     oled.o
    0x20200010   0x00005848   0x00000004   Data   RW         1222    .data.car_go_dir    startuptask.o
    0x20200014   0x0000584c   0x00000002   Data   RW         1338    .data.dir           enconder.o
    0x20200016   0x0000584e   0x00000002   PAD
    0x20200018   0x00005850   0x00000004   Data   RW         1185    .data.uxCriticalNesting  port.o
    0x2020001c   0x00005854   0x00000004   PAD
    0x20200020        -       0x00000058   Zero   RW          832    .bss..L_MergedGlobals  ti_msp_dl_config.o
    0x20200078        -       0x00000074   Zero   RW         1077    .bss..L_MergedGlobals  tasks.o
    0x202000ec        -       0x0000003c   Zero   RW         1124    .bss..L_MergedGlobals  timers.o
    0x20200128        -       0x0000001c   Zero   RW         1148    .bss..L_MergedGlobals  heap_4.o
    0x20200144        -       0x00000064   Zero   RW         1388    .bss..L_MergedGlobals  control.o
    0x202001a8        -       0x00000034   Zero   RW         1411    .bss..L_MergedGlobals  maixcam.o
    0x202001dc        -       0x00000050   Zero   RW         1230    .bss..L_MergedGlobals.15  startuptask.o
    0x2020022c        -       0x00000028   Zero   RW         1078    .bss..L_MergedGlobals.2  tasks.o
    0x20200254        -       0x00000001   Zero   RW         1385    .bss.a              control.o
    0x20200255   0x00005854   0x00000003   PAD
    0x20200258        -       0x00000078   Zero   RW          815    .bss.gQEI_0Backup   ti_msp_dl_config.o
    0x202002d0        -       0x000000bc   Zero   RW          814    .bss.gServoBackup   ti_msp_dl_config.o
    0x2020038c        -       0x00000078   Zero   RW          816    .bss.gTIMER_0Backup  ti_msp_dl_config.o
    0x20200404        -       0x00000004   Zero   RW         1074    .bss.pxCurrentTCB   tasks.o
    0x20200408        -       0x00000460   Zero   RW         1076    .bss.pxReadyTasksLists  tasks.o
    0x20200868        -       0x00005000   Zero   RW         1147    .bss.ucHeap         heap_4.o
    0x20205868        -       0x00000040   Zero   RW          963    .bss.xQueueRegistry  queue.o
    0x202058a8        -       0x00000800   Zero   RW          840    STACK               startup_mspm0g350x_uvision.o



  Load Region LR_BCR (Base: 0x41c00000, Size: 0x00000000, Max: 0x00000100, ABSOLUTE)

    Execution Region BCR_CONFIG (Exec base: 0x41c00000, Load base: 0x41c00000, Size: 0x00000000, Max: 0x00000080, ABSOLUTE)

    **** No section assigned to this execution region ****



  Load Region LR_BSL (Base: 0x41c00100, Size: 0x00000000, Max: 0x00000100, ABSOLUTE)

    Execution Region BSL_CONFIG (Exec base: 0x41c00100, Load base: 0x41c00100, Size: 0x00000000, Max: 0x00000080, ABSOLUTE)

    **** No section assigned to this execution region ****


==============================================================================

Image component sizes


      Code (inc. data)   RO Data    RW Data    ZI Data      Debug   Object Name

        28          0          0          0          0       2588   bsp_uart.o
      1552        178          7          0        101       9943   control.o
       348          4          0          0          0       2804   delay.o
        10          0          0          0          0        588   dl_common.o
        86          8          0          0          0      15985   dl_spi.o
       800        192          0          0          0      38214   dl_timer.o
       126         12          0          0          0      14628   dl_uart.o
       690         16          0          0          0      15603   emm_v5.o
        44         12          0          2          0       3687   enconder.o
       508          8          0          0      20508       5225   heap_4.o
        16          4          0          0          0       3236   led_key.o
       118          0          0          0          0       2085   list.o
        68          8          0          0          0       2424   main.o
       340         28          0          0         52       8696   maixcam.o
       152         20          0          0          0       6663   motor.o
      1572         24       2072          4          0      12216   oled.o
       452         44          0          4          0       2759   port.o
      1014          4          0          0         64      23636   queue.o
        20          4        192          0       2048        708   startup_mspm0g350x_uvision.o
      2496        316         32         16         80       9606   startuptask.o
      2704         80          4          0       1280      42675   tasks.o
      1450        308         96          0        516      39287   ti_msp_dl_config.o
       896         34          5          0         60      14338   timers.o

    ----------------------------------------------------------------------
     15522       1324       2446         28      24716     277594   Object Totals
         0          0         32          0          0          0   (incl. Generated)
        32         20          6          2          7          0   (incl. Padding)

    ----------------------------------------------------------------------

      Code (inc. data)   RO Data    RW Data    ZI Data      Debug   Library Member Name

         0          0          0          0          0          0   entry.o
         0          0          0          0          0          0   entry10a.o
         0          0          0          0          0          0   entry11a.o
         8          4          0          0          0          0   entry2.o
         4          0          0          0          0          0   entry5.o
         0          0          0          0          0          0   entry7b.o
         0          0          0          0          0          0   entry8b.o
         8          4          0          0          0          0   entry9a.o
        30          0          0          0          0          0   handlers.o
        48         10          0          0          0         68   init.o
         0          0          0          0          0          0   iusefp.o
        48          0          0          0          0         72   llmul.o
        32          0          0          0          0         68   llshl.o
        38          0          0          0          0         68   llsshr.o
        34          0          0          0          0         68   llushr.o
        36          0          0          0          0         60   memcpya.o
        36          0          0          0          0        100   memseta.o
      2266         96          0          0          0        460   printfa.o
        62          0          0          0          0         72   uidiv_div0.o
        96          0          0          0          0         84   uldiv.o
        40          2          0          0          0         68   cdrcmple.o
       356          4          0          0          0        140   dadd.o
       240          6          0          0          0         84   ddiv.o
       236          0          0          0          0        216   depilogue.o
        64         10          0          0          0         68   dfixul.o
       208          6          0          0          0         88   dmul.o
        40          0          0          0          0         60   f2d.o
       178          0          0          0          0        108   fadd.o
        28          0          0          0          0         60   fcmpge.o
        28          0          0          0          0         60   fcmpgt.o
        28          0          0          0          0         60   fcmple.o
        28          0          0          0          0         60   fcmplt.o
       130          0          0          0          0        144   fepilogue.o
        50          0          0          0          0         60   ffixi.o
        40          0          0          0          0         60   ffixui.o
        22          0          0          0          0         68   fflti.o
        14          0          0          0          0         68   ffltui.o
       122          0          0          0          0         72   fmul.o

    ----------------------------------------------------------------------
      4612        142          0          0          0       2664   Library Totals
        14          0          0          0          0          0   (incl. Padding)

    ----------------------------------------------------------------------

      Code (inc. data)   RO Data    RW Data    ZI Data      Debug   Library Name

      2746        114          0          0          0       1120   mc_p.l
      1852         28          0          0          0       1544   mf_p.l

    ----------------------------------------------------------------------
      4612        142          0          0          0       2664   Library Totals

    ----------------------------------------------------------------------

==============================================================================


      Code (inc. data)   RO Data    RW Data    ZI Data      Debug   

     20134       1466       2446         28      24716     278618   Grand Totals
     20134       1466       2446         28      24716     278618   ELF Image Totals
     20134       1466       2446         28          0          0   ROM Totals

==============================================================================

    Total RO  Size (Code + RO Data)                22580 (  22.05kB)
    Total RW  Size (RW Data + ZI Data)             24744 (  24.16kB)
    Total ROM Size (Code + RO Data + RW Data)      22608 (  22.08kB)

==============================================================================

