<html>
<body>
<pre>
<h1>礦ision Build Log</h1>
<h2>Tool Versions:</h2>
IDE-Version: μVision V5.40.0.0
Copyright (C) 2024 ARM Ltd and ARM Germany GmbH. All rights reserved.
License Information: 1 1, 1, LIC=14HV2-9XMKJ-MM19I-TFZPL-RM73G-KL976
 
Tool Versions:
Toolchain:       MDK-ARM Plus  Version: 5.40.0.3
Toolchain Path:  D:\keil540\ARM\ARMCLANG\Bin
C Compiler:      ArmClang.exe V6.22
Assembler:       Armasm.exe V6.22
Linker/Locator:  ArmLink.exe V6.22
Library Manager: ArmAr.exe V6.22
Hex Converter:   FromElf.exe V6.22
CPU DLL:         SARMCM3.DLL V5.40.0.3
Dialog DLL:      DARMCM1.DLL V1.19.6.0
Target DLL:      Segger\JL2CM3.dll V2.99.44.0
Dialog DLL:      TARMCM1.DLL V1.14.6.0
 
<h2>Project:</h2>
D:\桌面\电赛比赛版\project\xf.uvprojx
Project File Date:  08/01/2025

<h2>Output:</h2>
*** Using Compiler 'V6.22', folder: 'D:\keil540\ARM\ARMCLANG\Bin'
Rebuild target 'xf'
compiling dl_crcp.c...
compiling dl_aesadv.c...
compiling dl_adc12.c...
compiling dl_crc.c...
compiling dl_dac12.c...
compiling dl_common.c...
compiling dl_dma.c...
compiling dl_keystorectl.c...
compiling dl_lcd.c...
compiling dl_i2c.c...
compiling dl_aes.c...
compiling dl_lfss.c...
compiling dl_flashctl.c...
compiling dl_mathacl.c...
compiling dl_opa.c...
compiling dl_trng.c...
compiling dl_rtc_common.c...
compiling dl_spi.c...
compiling dl_interrupt.c...
compiling dl_vref.c...
compiling dl_timer.c...
compiling dl_uart.c...
compiling dl_mcan.c...
compiling dl_sysctl_mspm0g1x0x_g3x0x.c...
compiling croutine.c...
compiling main.c...
compiling ti_msp_dl_config.c...
assembling startup_mspm0g350x_uvision.s...
compiling event_groups.c...
compiling list.c...
compiling timers.c...
compiling heap_4.c...
compiling port.c...
compiling queue.c...
compiling UART.c...
compiling tasks.c...
compiling servo.c...
compiling StartupTask.c...
compiling ws2812b.c...
compiling oled.c...
compiling LED_Key.c...
compiling Enconder.c...
compiling delay.c...
compiling Motor.c...
compiling control.c...
compiling MaixCam.c...
compiling YunQue.c...
compiling bsp_uart.c...
compiling Emm_V5.c...
linking...
Program Size: Code=19494 RO-data=2418 RW-data=28 ZI-data=24708  
".\Objects\xf.axf" - 0 Error(s), 0 Warning(s).

<h2>Software Packages used:</h2>

Package Vendor: TexasInstruments
                https://software-dl.ti.com/msp430/esd/MSPM0-CMSIS/MSPM0G1X0X_G3X0X/latest/exports/TexasInstruments.MSPM0G1X0X_G3X0X_DFP.1.3.1.pack
                TexasInstruments::MSPM0G1X0X_G3X0X_DFP@1.3.1
                Device Family Pack for Texas Instruments MSPM0G1X0X_G3X0X Series

<h2>Collection of Component include folders:</h2>

<h2>Collection of Component Files used:</h2>
Build Time Elapsed:  00:00:02
</pre>
</body>
</html>
